******************************************************************************
                  TI ARM Linker PC v18.1.5                     
******************************************************************************
>> Linked Mon Feb 18 16:45:13 2019

OUTPUT FILE NAME:   <temperatureSensor.out>
ENTRY POINT SYMBOL: "_c_int00_noargs"  address: 00001ce5


MEMORY CONFIGURATION

         name            origin    length      used     unused   attr    fill
----------------------  --------  ---------  --------  --------  ----  --------
  FLASH                 00000000   00040000  00001ee6  0003e11a  R  X
  SRAM                  20000000   00008000  00000286  00007d7a  RW X


SEGMENT ALLOCATION MAP

run origin  load origin   length   init length attrs members
----------  ----------- ---------- ----------- ----- -------
00000000    00000000    00001ee8   00001ee8    r-x
  00000000    00000000    0000026c   0000026c    r-- .intvecs
  0000026c    0000026c    00001b4a   00001b4a    r-x .text
  00001db8    00001db8    000000f0   000000f0    r-- .const
  00001ea8    00001ea8    00000040   00000040    r-- .cinit
20000000    20000000    00000288   00000000    rw-
  20000000    20000000    00000200   00000000    rw- .stack
  20000200    20000200    00000052   00000000    rw- .data
  20000254    20000254    00000034   00000000    rw- .bss


SECTION ALLOCATION MAP

 output                                  attributes/
section   page    origin      length       input sections
--------  ----  ----------  ----------   ----------------
.intvecs   0    00000000    0000026c     
                  00000000    0000026c     tm4c123gh6pm_startup_ccs.obj (.intvecs)

.text      0    0000026c    00001b4a     
                  0000026c    00000cb4     ADC.obj (.text)
                  00000f20    00000700     GPIO.obj (.text)
                  00001620    0000021c     tempSensor.obj (.text)
                  0000183c    00000136     rtsv7M4_T_le_v4SPD16_eabi.lib : fd_div_t2.asm.obj (.text)
                  00001972    000000fc                                   : fd_mul_t2.asm.obj (.text)
                  00001a6e    0000009c                                   : memcpy_t2.asm.obj (.text)
                  00001b0a    0000007a                                   : memset_t2.asm.obj (.text)
                  00001b84    0000006e                                   : fd_tos_t2.asm.obj (.text)
                  00001bf2    00000068                                   : copy_decompress_lzss.c.obj (.text:decompress:lzss:__TI_decompress_lzss)
                  00001c5a    00000046     main.obj (.text)
                  00001ca0    00000044     rtsv7M4_T_le_v4SPD16_eabi.lib : autoinit.c.obj (.text:__TI_auto_init_nobinit_nopinit:__TI_auto_init_nobinit_nopinit)
                  00001ce4    00000038                                   : boot_cortex_m.c.obj (.text:_c_int00_noargs:_c_int00_noargs)
                  00001d1c    00000038                                   : fs_tod_t2.asm.obj (.text)
                  00001d54    0000002e                                   : i_tofd_t2.asm.obj (.text)
                  00001d82    00000012                                   : copy_zero_init.c.obj (.text:decompress:ZI:__TI_zero_init_nomemset:__TI_zero_init_nomemset)
                  00001d94    0000000e                                   : copy_decompress_none.c.obj (.text:decompress:none:__TI_decompress_none)
                  00001da2    0000000c     tm4c123gh6pm_startup_ccs.obj (.text)
                  00001dae    00000004     rtsv7M4_T_le_v4SPD16_eabi.lib : pre_init.c.obj (.text:_system_pre_init)
                  00001db2    00000004                                   : exit.c.obj (.text:abort:abort)

.const     0    00001db8    000000f0     
                  00001db8    00000078     GPIO_Cfg.obj (.const:GPIO_ConfigParam)
                  00001e30    00000020     ADC.obj (.const:Adc_SSIRQ)
                  00001e50    00000018     GPIO.obj (.const:PortsBaseAddressLut)
                  00001e68    00000010     ADC.obj (.const:Adc_SsCtlOffset)
                  00001e78    00000010     ADC.obj (.const:Adc_SsFIFO)
                  00001e88    00000010     ADC.obj (.const:Adc_SsMuxOffset)
                  00001e98    00000008     ADC.obj (.const:Adc_ModuleBaseAddressLut)
                  00001ea0    00000008     tempSensor_cfg.obj (.const:tSensorConfigParam)

.cinit     0    00001ea8    00000040     
                  00001ea8    00000019     (.cinit..data.load) [load image, compression = lzss]
                  00001ec1    00000003     --HOLE-- [fill = 0]
                  00001ec4    0000000c     (__TI_handler_table)
                  00001ed0    00000008     (.cinit..bss.load) [load image, compression = zero_init]
                  00001ed8    00000010     (__TI_cinit_table)

.init_array 
*          0    00000000    00000000     UNINITIALIZED

.data      0    20000200    00000052     UNINITIALIZED
                  20000200    00000020     ADC.obj (.data:CbkFn_array)
                  20000220    00000018     ADC_Confg.obj (.data:Adc_GroupParameters)
                  20000238    00000008     ADC.obj (.data:GroupToHandler)
                  20000240    00000008     ADC.obj (.data:ResultBufferInit)
                  20000248    00000006     GPIO.obj (.data:GPIO_GroupState)
                  2000024e    00000002     tempSensor.obj (.data:ADC_array)
                  20000250    00000001     ADC.obj (.data)
                  20000251    00000001     tempSensor.obj (.data:countArray)

.bss       0    20000254    00000034     UNINITIALIZED
                  20000254    00000020     ADC.obj (.bss:DataBufferPtrAddr)
                  20000274    00000014     (.common:dataArray)

.stack     0    20000000    00000200     UNINITIALIZED
                  20000000    00000004     rtsv7M4_T_le_v4SPD16_eabi.lib : boot_cortex_m.c.obj (.stack)
                  20000004    000001fc     --HOLE--

MODULE SUMMARY

       Module                         code   ro data   rw data
       ------                         ----   -------   -------
    .\
       ADC.obj                        3252   88        81     
       GPIO.obj                       1792   24        6      
       tm4c123gh6pm_startup_ccs.obj   12     620       0      
       tempSensor.obj                 540    0         23     
       GPIO_Cfg.obj                   0      120       0      
       main.obj                       70     0         0      
       ADC_Confg.obj                  0      0         24     
       tempSensor_cfg.obj             0      8         0      
    +--+------------------------------+------+---------+---------+
       Total:                         5666   860       134    
                                                              
    D:\ti\ccsv8\tools\compiler\ti-cgt-arm_18.1.5.LTS\lib\rtsv7M4_T_le_v4SPD16_eabi.lib
       fd_div_t2.asm.obj              310    0         0      
       fd_mul_t2.asm.obj              252    0         0      
       memcpy_t2.asm.obj              156    0         0      
       memset_t2.asm.obj              122    0         0      
       fd_tos_t2.asm.obj              110    0         0      
       copy_decompress_lzss.c.obj     104    0         0      
       autoinit.c.obj                 68     0         0      
       boot_cortex_m.c.obj            56     0         0      
       fs_tod_t2.asm.obj              56     0         0      
       i_tofd_t2.asm.obj              46     0         0      
       copy_zero_init.c.obj           18     0         0      
       copy_decompress_none.c.obj     14     0         0      
       exit.c.obj                     4      0         0      
       pre_init.c.obj                 4      0         0      
    +--+------------------------------+------+---------+---------+
       Total:                         1320   0         0      
                                                              
       Stack:                         0      0         512    
       Linker Generated:              0      61        0      
    +--+------------------------------+------+---------+---------+
       Grand Total:                   6986   921       646    


LINKER GENERATED COPY TABLES

__TI_cinit_table @ 00001ed8 records: 2, size/record: 8, table size: 16
	.data: load addr=00001ea8, load size=00000019 bytes, run addr=20000200, run size=00000052 bytes, compression=lzss
	.bss: load addr=00001ed0, load size=00000008 bytes, run addr=20000254, run size=00000034 bytes, compression=zero_init


LINKER GENERATED HANDLER TABLE

__TI_handler_table @ 00001ec4 records: 3, size/record: 4, table size: 12
	index: 0, handler: __TI_decompress_lzss
	index: 1, handler: __TI_decompress_none
	index: 2, handler: __TI_zero_init


GLOBAL SYMBOLS: SORTED ALPHABETICALLY BY Name 

address   name                          
-------   ----                          
00000a01  ADC0SS0_Handler               
00000a99  ADC0SS1_Handler               
00000b35  ADC0SS2_Handler               
00000bd5  ADC0SS3_Handler               
00000c75  ADC1SS0_Handler               
00000d15  ADC1SS1_Handler               
00000dc5  ADC1SS2_Handler               
00000e65  ADC1SS3_Handler               
0000026d  ADC_Init                      
2000024e  ADC_array                     
00000659  Adc_EnableGroupNotification   
00000421  Adc_GetGroupStatus            
20000220  Adc_GroupParameters           
0000052f  Adc_ReadGroup                 
000003b7  Adc_SetupResultBuffer         
000005cd  Adc_StartGroupConversion      
00001db3  C$$EXIT                       
0000151b  GPIO_ClrInterruptFlag         
00001db8  GPIO_ConfigParam              
0000156d  GPIO_GetInterruptStatus       
00000f21  GPIO_Init                     
000011b3  GPIO_Read                     
00001239  GPIO_SetAlternFuntion         
000012c1  GPIO_SetInterruptEvent        
00001139  GPIO_Write                    
00001da3  ResetISR                      
20000200  __STACK_END                   
00000200  __STACK_SIZE                  
20000200  __STACK_TOP                   
00001ed8  __TI_CINIT_Base               
00001ee8  __TI_CINIT_Limit              
00001ec4  __TI_Handler_Table_Base       
00001ed0  __TI_Handler_Table_Limit      
00001ca1  __TI_auto_init_nobinit_nopinit
00001bf3  __TI_decompress_lzss          
00001d95  __TI_decompress_none          
ffffffff  __TI_pprof_out_hndl           
ffffffff  __TI_prof_data_size           
ffffffff  __TI_prof_data_start          
00000000  __TI_static_base__            
00001d83  __TI_zero_init_nomemset       
00001b85  __aeabi_d2f                   
0000183d  __aeabi_ddiv                  
00001973  __aeabi_dmul                  
00001d1d  __aeabi_f2d                   
00001d55  __aeabi_i2d                   
00001b0b  __aeabi_memclr                
00001b0b  __aeabi_memclr4               
00001b0b  __aeabi_memclr8               
00001a6f  __aeabi_memcpy                
00001a6f  __aeabi_memcpy4               
00001a6f  __aeabi_memcpy8               
00001b0d  __aeabi_memset                
00001b0d  __aeabi_memset4               
00001b0d  __aeabi_memset8               
ffffffff  __binit__                     
ffffffff  __c_args__                    
UNDEFED   __mpu_init                    
20000000  __stack                       
00001ce5  _c_int00_noargs               
UNDEFED   _system_post_cinit            
00001daf  _system_pre_init              
00001db3  abort                         
ffffffff  binit                         
20000251  countArray                    
20000274  dataArray                     
00000000  g_pfnVectors                  
00001c5b  main                          
00001a6f  memcpy                        
00001b13  memset                        
00001791  returnTempSensorReading       
00001ea0  tSensorConfigParam            
00001621  tempSensorInitialization      
000016b5  tempSensorRequest             


GLOBAL SYMBOLS: SORTED BY Symbol Address 

address   name                          
-------   ----                          
00000000  __TI_static_base__            
00000000  g_pfnVectors                  
00000200  __STACK_SIZE                  
0000026d  ADC_Init                      
000003b7  Adc_SetupResultBuffer         
00000421  Adc_GetGroupStatus            
0000052f  Adc_ReadGroup                 
000005cd  Adc_StartGroupConversion      
00000659  Adc_EnableGroupNotification   
00000a01  ADC0SS0_Handler               
00000a99  ADC0SS1_Handler               
00000b35  ADC0SS2_Handler               
00000bd5  ADC0SS3_Handler               
00000c75  ADC1SS0_Handler               
00000d15  ADC1SS1_Handler               
00000dc5  ADC1SS2_Handler               
00000e65  ADC1SS3_Handler               
00000f21  GPIO_Init                     
00001139  GPIO_Write                    
000011b3  GPIO_Read                     
00001239  GPIO_SetAlternFuntion         
000012c1  GPIO_SetInterruptEvent        
0000151b  GPIO_ClrInterruptFlag         
0000156d  GPIO_GetInterruptStatus       
00001621  tempSensorInitialization      
000016b5  tempSensorRequest             
00001791  returnTempSensorReading       
0000183d  __aeabi_ddiv                  
00001973  __aeabi_dmul                  
00001a6f  __aeabi_memcpy                
00001a6f  __aeabi_memcpy4               
00001a6f  __aeabi_memcpy8               
00001a6f  memcpy                        
00001b0b  __aeabi_memclr                
00001b0b  __aeabi_memclr4               
00001b0b  __aeabi_memclr8               
00001b0d  __aeabi_memset                
00001b0d  __aeabi_memset4               
00001b0d  __aeabi_memset8               
00001b13  memset                        
00001b85  __aeabi_d2f                   
00001bf3  __TI_decompress_lzss          
00001c5b  main                          
00001ca1  __TI_auto_init_nobinit_nopinit
00001ce5  _c_int00_noargs               
00001d1d  __aeabi_f2d                   
00001d55  __aeabi_i2d                   
00001d83  __TI_zero_init_nomemset       
00001d95  __TI_decompress_none          
00001da3  ResetISR                      
00001daf  _system_pre_init              
00001db3  C$$EXIT                       
00001db3  abort                         
00001db8  GPIO_ConfigParam              
00001ea0  tSensorConfigParam            
00001ec4  __TI_Handler_Table_Base       
00001ed0  __TI_Handler_Table_Limit      
00001ed8  __TI_CINIT_Base               
00001ee8  __TI_CINIT_Limit              
20000000  __stack                       
20000200  __STACK_END                   
20000200  __STACK_TOP                   
20000220  Adc_GroupParameters           
2000024e  ADC_array                     
20000251  countArray                    
20000274  dataArray                     
ffffffff  __TI_pprof_out_hndl           
ffffffff  __TI_prof_data_size           
ffffffff  __TI_prof_data_start          
ffffffff  __binit__                     
ffffffff  __c_args__                    
ffffffff  binit                         
UNDEFED   __mpu_init                    
UNDEFED   _system_post_cinit            

[74 symbols]
