******************************************************************************
                  TI ARM Linker PC v18.1.4                     
******************************************************************************
>> Linked Mon Feb 18 14:57:30 2019

OUTPUT FILE NAME:   <button_Manager.out>
ENTRY POINT SYMBOL: "_c_int00_noargs"  address: 000020f5


MEMORY CONFIGURATION

         name            origin    length      used     unused   attr    fill
----------------------  --------  ---------  --------  --------  ----  --------
  FLASH                 00000000   00040000  000022ac  0003dd54  R  X
  SRAM                  20000000   00008000  00000280  00007d80  RW X


SEGMENT ALLOCATION MAP

run origin  load origin   length   init length attrs members
----------  ----------- ---------- ----------- ----- -------
00000000    00000000    000022b0   000022b0    r-x
  00000000    00000000    0000026c   0000026c    r-- .intvecs
  0000026c    0000026c    00001f14   00001f14    r-x .text
  00002180    00002180    000000ec   000000ec    r-- .const
  00002270    00002270    00000040   00000040    r-- .cinit
20000000    20000000    00000280   00000000    rw-
  20000000    20000000    00000200   00000000    rw- .stack
  20000200    20000200    00000054   00000000    rw- .data
  20000254    20000254    0000002c   00000000    rw- .bss


SECTION ALLOCATION MAP

 output                                  attributes/
section   page    origin      length       input sections
--------  ----  ----------  ----------   ----------------
.intvecs   0    00000000    0000026c     
                  00000000    0000026c     tm4c123gh6pm_startup_ccs.obj (.intvecs)

.text      0    0000026c    00001f14     
                  0000026c    00000cb4     ADC.obj (.text)
                  00000f20    00000700     GPIO.obj (.text)
                  00001620    0000066c     button.obj (.text)
                  00001c8c    000000fc     rtsv7M4_T_le_v4SPD16_eabi.lib : fd_mul_t2.asm.obj (.text)
                  00001d88    0000009c     main.obj (.text)
                  00001e24    0000009c     rtsv7M4_T_le_v4SPD16_eabi.lib : memcpy_t2.asm.obj (.text)
                  00001ec0    00000086                                   : fd_cmp_t2.asm.obj (.text:__aeabi_cdcmple)
                  00001f46    00000086                                   : fd_cmp_t2.asm.obj (.text:__aeabi_cdrcmple)
                  00001fcc    0000007a                                   : memset_t2.asm.obj (.text)
                  00002046    00000068                                   : copy_decompress_lzss.c.obj (.text:decompress:lzss:__TI_decompress_lzss)
                  000020ae    00000002     --HOLE-- [fill = 0]
                  000020b0    00000044                                   : autoinit.c.obj (.text:__TI_auto_init_nobinit_nopinit:__TI_auto_init_nobinit_nopinit)
                  000020f4    00000038                                   : boot_cortex_m.c.obj (.text:_c_int00_noargs:_c_int00_noargs)
                  0000212c    00000020                                   : u_tofd_t2.asm.obj (.text)
                  0000214c    00000012                                   : copy_zero_init.c.obj (.text:decompress:ZI:__TI_zero_init_nomemset:__TI_zero_init_nomemset)
                  0000215e    0000000e                                   : copy_decompress_none.c.obj (.text:decompress:none:__TI_decompress_none)
                  0000216c    0000000c     tm4c123gh6pm_startup_ccs.obj (.text)
                  00002178    00000004     rtsv7M4_T_le_v4SPD16_eabi.lib : pre_init.c.obj (.text:_system_pre_init)
                  0000217c    00000004                                   : exit.c.obj (.text:abort:abort)

.const     0    00002180    000000ec     
                  00002180    00000078     GPIO_Cfg.obj (.const:GPIO_ConfigParam)
                  000021f8    00000020     ADC.obj (.const:Adc_SSIRQ)
                  00002218    00000018     GPIO.obj (.const:PortsBaseAddressLut)
                  00002230    00000010     ADC.obj (.const:Adc_SsCtlOffset)
                  00002240    00000010     ADC.obj (.const:Adc_SsFIFO)
                  00002250    00000010     ADC.obj (.const:Adc_SsMuxOffset)
                  00002260    00000008     ADC.obj (.const:Adc_ModuleBaseAddressLut)
                  00002268    00000004     button_cfg.obj (.const:buttonConfigParam)

.cinit     0    00002270    00000040     
                  00002270    0000001a     (.cinit..data.load) [load image, compression = lzss]
                  0000228a    00000002     --HOLE-- [fill = 0]
                  0000228c    0000000c     (__TI_handler_table)
                  00002298    00000008     (.cinit..bss.load) [load image, compression = zero_init]
                  000022a0    00000010     (__TI_cinit_table)

.init_array 
*          0    00000000    00000000     UNINITIALIZED

.data      0    20000200    00000054     UNINITIALIZED
                  20000200    00000020     ADC.obj (.data:CbkFn_array)
                  20000220    00000018     ADC_Confg.obj (.data:Adc_GroupParameters)
                  20000238    00000008     ADC.obj (.data:GroupToHandler)
                  20000240    00000008     ADC.obj (.data:ResultBufferInit)
                  20000248    00000006     GPIO.obj (.data:GPIO_GroupState)
                  2000024e    00000002     button.obj (.data:ADC_array)
                  20000250    00000001     ADC.obj (.data)
                  20000251    00000001     button.obj (.data:countArray)
                  20000252    00000001     button.obj (.data:lastStatusArray)
                  20000253    00000001     button.obj (.data:secondCountArray)

.bss       0    20000254    0000002c     UNINITIALIZED
                  20000254    00000020     ADC.obj (.bss:DataBufferPtrAddr)
                  20000274    0000000c     (.common:dataArray)

.stack     0    20000000    00000200     UNINITIALIZED
                  20000000    00000004     rtsv7M4_T_le_v4SPD16_eabi.lib : boot_cortex_m.c.obj (.stack)
                  20000004    000001fc     --HOLE--

MODULE SUMMARY

       Module                         code   ro data   rw data
       ------                         ----   -------   -------
    .\
       ADC.obj                        3252   88        81     
       GPIO.obj                       1792   24        6      
       button.obj                     1644   0         17     
       tm4c123gh6pm_startup_ccs.obj   12     620       0      
       main.obj                       156    0         0      
       GPIO_Cfg.obj                   0      120       0      
       ADC_Confg.obj                  0      0         24     
       button_cfg.obj                 0      4         0      
    +--+------------------------------+------+---------+---------+
       Total:                         6856   856       128    
                                                              
    D:\ti\ccsv8\tools\compiler\ti-cgt-arm_18.1.4.LTS\lib\rtsv7M4_T_le_v4SPD16_eabi.lib
       fd_cmp_t2.asm.obj              268    0         0      
       fd_mul_t2.asm.obj              252    0         0      
       memcpy_t2.asm.obj              156    0         0      
       memset_t2.asm.obj              122    0         0      
       copy_decompress_lzss.c.obj     104    0         0      
       autoinit.c.obj                 68     0         0      
       boot_cortex_m.c.obj            56     0         0      
       u_tofd_t2.asm.obj              32     0         0      
       copy_zero_init.c.obj           18     0         0      
       copy_decompress_none.c.obj     14     0         0      
       exit.c.obj                     4      0         0      
       pre_init.c.obj                 4      0         0      
    +--+------------------------------+------+---------+---------+
       Total:                         1098   0         0      
                                                              
       Stack:                         0      0         512    
       Linker Generated:              0      62        0      
    +--+------------------------------+------+---------+---------+
       Grand Total:                   7954   918       640    


LINKER GENERATED COPY TABLES

__TI_cinit_table @ 000022a0 records: 2, size/record: 8, table size: 16
	.data: load addr=00002270, load size=0000001a bytes, run addr=20000200, run size=00000054 bytes, compression=lzss
	.bss: load addr=00002298, load size=00000008 bytes, run addr=20000254, run size=0000002c bytes, compression=zero_init


LINKER GENERATED HANDLER TABLE

__TI_handler_table @ 0000228c records: 3, size/record: 4, table size: 12
	index: 0, handler: __TI_decompress_lzss
	index: 1, handler: __TI_decompress_none
	index: 2, handler: __TI_zero_init


GLOBAL SYMBOLS: SORTED ALPHABETICALLY BY Name 

address   name                          
-------   ----                          
00000a01  ADC0SS0_Handler               
00000a99  ADC0SS1_Handler               
00000b35  ADC0SS2_Handler               
00000bd5  ADC0SS3_Handler               
00000c75  ADC1SS0_Handler               
00000d15  ADC1SS1_Handler               
00000dc5  ADC1SS2_Handler               
00000e65  ADC1SS3_Handler               
0000026d  ADC_Init                      
2000024e  ADC_array                     
00000659  Adc_EnableGroupNotification   
00000421  Adc_GetGroupStatus            
20000220  Adc_GroupParameters           
0000052f  Adc_ReadGroup                 
000003b7  Adc_SetupResultBuffer         
000005cd  Adc_StartGroupConversion      
0000217d  C$$EXIT                       
0000151b  GPIO_ClrInterruptFlag         
00002180  GPIO_ConfigParam              
0000156d  GPIO_GetInterruptStatus       
00000f21  GPIO_Init                     
000011b3  GPIO_Read                     
00001239  GPIO_SetAlternFuntion         
000012c1  GPIO_SetInterruptEvent        
00001139  GPIO_Write                    
0000216d  ResetISR                      
20000200  __STACK_END                   
00000200  __STACK_SIZE                  
20000200  __STACK_TOP                   
000022a0  __TI_CINIT_Base               
000022b0  __TI_CINIT_Limit              
0000228c  __TI_Handler_Table_Base       
00002298  __TI_Handler_Table_Limit      
000020b1  __TI_auto_init_nobinit_nopinit
00002047  __TI_decompress_lzss          
0000215f  __TI_decompress_none          
ffffffff  __TI_pprof_out_hndl           
ffffffff  __TI_prof_data_size           
ffffffff  __TI_prof_data_start          
00000000  __TI_static_base__            
0000214d  __TI_zero_init_nomemset       
00001ec1  __aeabi_cdcmpeq               
00001ec1  __aeabi_cdcmple               
00001f47  __aeabi_cdrcmple              
00001c8d  __aeabi_dmul                  
00001fcd  __aeabi_memclr                
00001fcd  __aeabi_memclr4               
00001fcd  __aeabi_memclr8               
00001e25  __aeabi_memcpy                
00001e25  __aeabi_memcpy4               
00001e25  __aeabi_memcpy8               
00001fcf  __aeabi_memset                
00001fcf  __aeabi_memset4               
00001fcf  __aeabi_memset8               
0000212d  __aeabi_ui2d                  
ffffffff  __binit__                     
ffffffff  __c_args__                    
UNDEFED   __mpu_init                    
20000000  __stack                       
000020f5  _c_int00_noargs               
UNDEFED   _system_post_cinit            
00002179  _system_pre_init              
0000217d  abort                         
ffffffff  binit                         
00002268  buttonConfigParam             
00001621  buttonInitialization          
000016fd  buttonRequest                 
20000251  countArray                    
20000274  dataArray                     
00000000  g_pfnVectors                  
20000252  lastStatusArray               
00001d89  main                          
00001e25  memcpy                        
00001fd5  memset                        
000017f1  returnButtonState             
20000253  secondCountArray              


GLOBAL SYMBOLS: SORTED BY Symbol Address 

address   name                          
-------   ----                          
00000000  __TI_static_base__            
00000000  g_pfnVectors                  
00000200  __STACK_SIZE                  
0000026d  ADC_Init                      
000003b7  Adc_SetupResultBuffer         
00000421  Adc_GetGroupStatus            
0000052f  Adc_ReadGroup                 
000005cd  Adc_StartGroupConversion      
00000659  Adc_EnableGroupNotification   
00000a01  ADC0SS0_Handler               
00000a99  ADC0SS1_Handler               
00000b35  ADC0SS2_Handler               
00000bd5  ADC0SS3_Handler               
00000c75  ADC1SS0_Handler               
00000d15  ADC1SS1_Handler               
00000dc5  ADC1SS2_Handler               
00000e65  ADC1SS3_Handler               
00000f21  GPIO_Init                     
00001139  GPIO_Write                    
000011b3  GPIO_Read                     
00001239  GPIO_SetAlternFuntion         
000012c1  GPIO_SetInterruptEvent        
0000151b  GPIO_ClrInterruptFlag         
0000156d  GPIO_GetInterruptStatus       
00001621  buttonInitialization          
000016fd  buttonRequest                 
000017f1  returnButtonState             
00001c8d  __aeabi_dmul                  
00001d89  main                          
00001e25  __aeabi_memcpy                
00001e25  __aeabi_memcpy4               
00001e25  __aeabi_memcpy8               
00001e25  memcpy                        
00001ec1  __aeabi_cdcmpeq               
00001ec1  __aeabi_cdcmple               
00001f47  __aeabi_cdrcmple              
00001fcd  __aeabi_memclr                
00001fcd  __aeabi_memclr4               
00001fcd  __aeabi_memclr8               
00001fcf  __aeabi_memset                
00001fcf  __aeabi_memset4               
00001fcf  __aeabi_memset8               
00001fd5  memset                        
00002047  __TI_decompress_lzss          
000020b1  __TI_auto_init_nobinit_nopinit
000020f5  _c_int00_noargs               
0000212d  __aeabi_ui2d                  
0000214d  __TI_zero_init_nomemset       
0000215f  __TI_decompress_none          
0000216d  ResetISR                      
00002179  _system_pre_init              
0000217d  C$$EXIT                       
0000217d  abort                         
00002180  GPIO_ConfigParam              
00002268  buttonConfigParam             
0000228c  __TI_Handler_Table_Base       
00002298  __TI_Handler_Table_Limit      
000022a0  __TI_CINIT_Base               
000022b0  __TI_CINIT_Limit              
20000000  __stack                       
20000200  __STACK_END                   
20000200  __STACK_TOP                   
20000220  Adc_GroupParameters           
2000024e  ADC_array                     
20000251  countArray                    
20000252  lastStatusArray               
20000253  secondCountArray              
20000274  dataArray                     
ffffffff  __TI_pprof_out_hndl           
ffffffff  __TI_prof_data_size           
ffffffff  __TI_prof_data_start          
ffffffff  __binit__                     
ffffffff  __c_args__                    
ffffffff  binit                         
UNDEFED   __mpu_init                    
UNDEFED   _system_post_cinit            

[76 symbols]
