******************************************************************************
                  TI ARM Linker PC v18.1.5                     
******************************************************************************
>> Linked Fri Mar 22 00:56:39 2019

OUTPUT FILE NAME:   <buttonManager_ADC_Autosar.out>
ENTRY POINT SYMBOL: "_c_int00_noargs"  address: 000023c1


MEMORY CONFIGURATION

         name            origin    length      used     unused   attr    fill
----------------------  --------  ---------  --------  --------  ----  --------
  FLASH                 00000000   00040000  00002608  0003d9f8  R  X
  SRAM                  20000000   00008000  000003a8  00007c58  RW X


SEGMENT ALLOCATION MAP

run origin  load origin   length   init length attrs members
----------  ----------- ---------- ----------- ----- -------
00000000    00000000    00002608   00002608    r-x
  00000000    00000000    0000026c   0000026c    r-- .intvecs
  0000026c    0000026c    000021e0   000021e0    r-x .text
  0000244c    0000244c    0000013c   0000013c    r-- .const
  00002588    00002588    00000080   00000080    r-- .cinit
20000000    20000000    000003a8   00000000    rw-
  20000000    20000000    00000200   00000000    rw- .stack
  20000200    20000200    00000120   00000000    rw- .data
  20000320    20000320    00000088   00000000    rw- .bss


SECTION ALLOCATION MAP

 output                                  attributes/
section   page    origin      length       input sections
--------  ----  ----------  ----------   ----------------
.intvecs   0    00000000    0000026c     
                  00000000    0000026c     tm4c123gh6pm_startup_ccs.obj (.intvecs)

.text      0    0000026c    000021e0     
                  0000026c    00000dc8     Adc.obj (.text)
                  00001034    00000840     button.obj (.text)
                  00001874    00000700     GPIO.obj (.text)
                  00001f74    000000fc     main.obj (.text)
                  00002070    000000fc     rtsv7M4_T_le_v4SPD16_eabi.lib : fd_mul_t2.asm.obj (.text)
                  0000216c    0000009c                                   : memcpy_t2.asm.obj (.text)
                  00002208    00000086                                   : fd_cmp_t2.asm.obj (.text:__aeabi_cdcmple)
                  0000228e    00000086                                   : fd_cmp_t2.asm.obj (.text:__aeabi_cdrcmple)
                  00002314    00000068                                   : copy_decompress_lzss.c.obj (.text:decompress:lzss:__TI_decompress_lzss)
                  0000237c    00000044                                   : autoinit.c.obj (.text:__TI_auto_init_nobinit_nopinit:__TI_auto_init_nobinit_nopinit)
                  000023c0    00000038                                   : boot_cortex_m.c.obj (.text:_c_int00_noargs:_c_int00_noargs)
                  000023f8    00000020                                   : u_tofd_t2.asm.obj (.text)
                  00002418    00000012                                   : copy_zero_init.c.obj (.text:decompress:ZI:__TI_zero_init_nomemset:__TI_zero_init_nomemset)
                  0000242a    0000000e                                   : copy_decompress_none.c.obj (.text:decompress:none:__TI_decompress_none)
                  00002438    0000000c     tm4c123gh6pm_startup_ccs.obj (.text)
                  00002444    00000004     rtsv7M4_T_le_v4SPD16_eabi.lib : pre_init.c.obj (.text:_system_pre_init)
                  00002448    00000004                                   : exit.c.obj (.text:abort:abort)

.const     0    0000244c    0000013c     
                  0000244c    0000008c     GPIO_Cfg.obj (.const:GPIO_ConfigParam)
                  000024d8    00000020     Adc.obj (.const:Adc_SSHandlerPri)
                  000024f8    00000020     Adc.obj (.const:Adc_SSIRQ)
                  00002518    00000018     GPIO.obj (.const:PortsBaseAddressLut)
                  00002530    00000014     Adc_PBcfg.obj (.const:Adc_Config)
                  00002544    00000010     Adc.obj (.const:Adc_SsCtlOffset)
                  00002554    00000010     Adc.obj (.const:Adc_SsFIFO)
                  00002564    00000010     Adc.obj (.const:Adc_SsMuxOffset)
                  00002574    0000000c     button_cfg.obj (.const:buttonConfigParam)
                  00002580    00000008     Adc.obj (.const:Adc_ModuleBaseAddressLut)

.cinit     0    00002588    00000080     
                  00002588    00000056     (.cinit..data.load) [load image, compression = lzss]
                  000025de    00000002     --HOLE-- [fill = 0]
                  000025e0    0000000c     (__TI_handler_table)
                  000025ec    00000004     --HOLE-- [fill = 0]
                  000025f0    00000008     (.cinit..bss.load) [load image, compression = zero_init]
                  000025f8    00000010     (__TI_cinit_table)

.init_array 
*          0    00000000    00000000     UNINITIALIZED

.data      0    20000200    00000120     UNINITIALIZED
                  20000200    00000070     Adc_PBcfg.obj (.data:Adc_ChannelGroupConfig)
                  20000270    00000060     Adc_PBcfg.obj (.data:Adc_HwUnitConfig)
                  200002d0    00000008     button.obj (.data:ADC_array)
                  200002d8    00000008     Adc.obj (.data:Adc_ChannelGroupFinishedSamples)
                  200002e0    00000008     Adc.obj (.data:Adc_ChannelGroupHwUnitId)
                  200002e8    00000008     Adc.obj (.data:Adc_ChannelGroupNumInputChannel)
                  200002f0    00000008     Adc.obj (.data:Adc_GroupStatus)
                  200002f8    00000007     GPIO.obj (.data:GPIO_GroupState)
                  200002ff    00000004     button.obj (.data:buttonRequest)
                  20000303    00000004     button_cfg.obj (.data:buttonUpdateFlag)
                  20000307    00000004     button.obj (.data:countArray)
                  2000030b    00000004     button.obj (.data:currentStatusArray)
                  2000030f    00000004     button.obj (.data:flag)
                  20000313    00000004     button.obj (.data:lastStatusArray)
                  20000317    00000004     button.obj (.data:statusArray)
                  2000031b    00000004     button.obj (.data:stuckCountArray)
                  2000031f    00000001     Adc.obj (.data)

.bss       0    20000320    00000088     UNINITIALIZED
                  20000320    00000028     (.common:dataArray)
                  20000348    00000020     Adc.obj (.bss:Adc_ChannelGroupNotificEnabled)
                  20000368    00000020     Adc.obj (.bss:Adc_resultBufferInit)
                  20000388    00000020     Adc.obj (.bss:DataBufferPtrAddr)

.stack     0    20000000    00000200     UNINITIALIZED
                  20000000    00000004     rtsv7M4_T_le_v4SPD16_eabi.lib : boot_cortex_m.c.obj (.stack)
                  20000004    000001fc     --HOLE--

MODULE SUMMARY

       Module                         code   ro data   rw data
       ------                         ----   -------   -------
    .\
       Adc.obj                        3528   120       129    
       button.obj                     2112   0         76     
       GPIO.obj                       1792   24        7      
       tm4c123gh6pm_startup_ccs.obj   12     620       0      
       main.obj                       252    0         0      
       Adc_PBcfg.obj                  0      20        208    
       GPIO_Cfg.obj                   0      140       0      
       button_cfg.obj                 0      12        4      
    +--+------------------------------+------+---------+---------+
       Total:                         7696   936       424    
                                                              
    D:\ti\ccsv8\tools\compiler\ti-cgt-arm_18.1.5.LTS\lib\rtsv7M4_T_le_v4SPD16_eabi.lib
       fd_cmp_t2.asm.obj              268    0         0      
       fd_mul_t2.asm.obj              252    0         0      
       memcpy_t2.asm.obj              156    0         0      
       copy_decompress_lzss.c.obj     104    0         0      
       autoinit.c.obj                 68     0         0      
       boot_cortex_m.c.obj            56     0         0      
       u_tofd_t2.asm.obj              32     0         0      
       copy_zero_init.c.obj           18     0         0      
       copy_decompress_none.c.obj     14     0         0      
       exit.c.obj                     4      0         0      
       pre_init.c.obj                 4      0         0      
    +--+------------------------------+------+---------+---------+
       Total:                         976    0         0      
                                                              
       Stack:                         0      0         512    
       Linker Generated:              0      122       0      
    +--+------------------------------+------+---------+---------+
       Grand Total:                   8672   1058      936    


LINKER GENERATED COPY TABLES

__TI_cinit_table @ 000025f8 records: 2, size/record: 8, table size: 16
	.data: load addr=00002588, load size=00000056 bytes, run addr=20000200, run size=00000120 bytes, compression=lzss
	.bss: load addr=000025f0, load size=00000008 bytes, run addr=20000320, run size=00000088 bytes, compression=zero_init


LINKER GENERATED HANDLER TABLE

__TI_handler_table @ 000025e0 records: 3, size/record: 4, table size: 12
	index: 0, handler: __TI_decompress_lzss
	index: 1, handler: __TI_decompress_none
	index: 2, handler: __TI_zero_init


GLOBAL SYMBOLS: SORTED ALPHABETICALLY BY Name 

address   name                          
-------   ----                          
00000975  ADC0SS0_Handler               
00000a45  ADC0SS1_Handler               
00000b19  ADC0SS2_Handler               
00000be5  ADC0Seq3_Handler              
00000cc5  ADC1SS0_Handler               
00000d95  ADC1SS1_Handler               
00000e69  ADC1SS2_Handler               
00000f39  ADC1SS3_Handler               
20000200  Adc_ChannelGroupConfig        
00002530  Adc_Config                    
00000749  Adc_DisableGroupNotification  
00000605  Adc_EnableGroupNotification   
00000489  Adc_GetGroupStatus            
20000270  Adc_HwUnitConfig              
0000026d  Adc_Init                      
000003db  Adc_ReadGroup                 
0000034d  Adc_SetupResultBuffer         
0000037d  Adc_StartGroupConversion      
000003d9  Adc_StopGroupConversion       
000010ff  Button_DisableStateRequest    
000010e9  Button_EnableStateRequest     
00001035  Button_Init                   
00001125  Button_MainFunction_Handling  
00001845  Button_ReturnState            
00002449  C$$EXIT                       
00001e6f  GPIO_ClrInterruptFlag         
0000244c  GPIO_ConfigParam              
00001ec1  GPIO_GetInterruptStatus       
00001875  GPIO_Init                     
00001b07  GPIO_Read                     
00001b8d  GPIO_SetAlternFuntion         
00001c15  GPIO_SetInterruptEvent        
00001a8d  GPIO_Write                    
00002439  ResetISR                      
20000200  __STACK_END                   
00000200  __STACK_SIZE                  
20000200  __STACK_TOP                   
000025f8  __TI_CINIT_Base               
00002608  __TI_CINIT_Limit              
000025e0  __TI_Handler_Table_Base       
000025ec  __TI_Handler_Table_Limit      
0000237d  __TI_auto_init_nobinit_nopinit
00002315  __TI_decompress_lzss          
0000242b  __TI_decompress_none          
ffffffff  __TI_pprof_out_hndl           
ffffffff  __TI_prof_data_size           
ffffffff  __TI_prof_data_start          
00000000  __TI_static_base__            
00002419  __TI_zero_init_nomemset       
00002209  __aeabi_cdcmpeq               
00002209  __aeabi_cdcmple               
0000228f  __aeabi_cdrcmple              
00002071  __aeabi_dmul                  
0000216d  __aeabi_memcpy                
0000216d  __aeabi_memcpy4               
0000216d  __aeabi_memcpy8               
000023f9  __aeabi_ui2d                  
ffffffff  __binit__                     
ffffffff  __c_args__                    
UNDEFED   __mpu_init                    
20000000  __stack                       
000023c1  _c_int00_noargs               
UNDEFED   _system_post_cinit            
00002445  _system_pre_init              
00002449  abort                         
ffffffff  binit                         
00002574  buttonConfigParam             
20000303  buttonUpdateFlag              
20000320  dataArray                     
00000000  g_pfnVectors                  
00001f75  main                          
0000216d  memcpy                        


GLOBAL SYMBOLS: SORTED BY Symbol Address 

address   name                          
-------   ----                          
00000000  __TI_static_base__            
00000000  g_pfnVectors                  
00000200  __STACK_SIZE                  
0000026d  Adc_Init                      
0000034d  Adc_SetupResultBuffer         
0000037d  Adc_StartGroupConversion      
000003d9  Adc_StopGroupConversion       
000003db  Adc_ReadGroup                 
00000489  Adc_GetGroupStatus            
00000605  Adc_EnableGroupNotification   
00000749  Adc_DisableGroupNotification  
00000975  ADC0SS0_Handler               
00000a45  ADC0SS1_Handler               
00000b19  ADC0SS2_Handler               
00000be5  ADC0Seq3_Handler              
00000cc5  ADC1SS0_Handler               
00000d95  ADC1SS1_Handler               
00000e69  ADC1SS2_Handler               
00000f39  ADC1SS3_Handler               
00001035  Button_Init                   
000010e9  Button_EnableStateRequest     
000010ff  Button_DisableStateRequest    
00001125  Button_MainFunction_Handling  
00001845  Button_ReturnState            
00001875  GPIO_Init                     
00001a8d  GPIO_Write                    
00001b07  GPIO_Read                     
00001b8d  GPIO_SetAlternFuntion         
00001c15  GPIO_SetInterruptEvent        
00001e6f  GPIO_ClrInterruptFlag         
00001ec1  GPIO_GetInterruptStatus       
00001f75  main                          
00002071  __aeabi_dmul                  
0000216d  __aeabi_memcpy                
0000216d  __aeabi_memcpy4               
0000216d  __aeabi_memcpy8               
0000216d  memcpy                        
00002209  __aeabi_cdcmpeq               
00002209  __aeabi_cdcmple               
0000228f  __aeabi_cdrcmple              
00002315  __TI_decompress_lzss          
0000237d  __TI_auto_init_nobinit_nopinit
000023c1  _c_int00_noargs               
000023f9  __aeabi_ui2d                  
00002419  __TI_zero_init_nomemset       
0000242b  __TI_decompress_none          
00002439  ResetISR                      
00002445  _system_pre_init              
00002449  C$$EXIT                       
00002449  abort                         
0000244c  GPIO_ConfigParam              
00002530  Adc_Config                    
00002574  buttonConfigParam             
000025e0  __TI_Handler_Table_Base       
000025ec  __TI_Handler_Table_Limit      
000025f8  __TI_CINIT_Base               
00002608  __TI_CINIT_Limit              
20000000  __stack                       
20000200  Adc_ChannelGroupConfig        
20000200  __STACK_END                   
20000200  __STACK_TOP                   
20000270  Adc_HwUnitConfig              
20000303  buttonUpdateFlag              
20000320  dataArray                     
ffffffff  __TI_pprof_out_hndl           
ffffffff  __TI_prof_data_size           
ffffffff  __TI_prof_data_start          
ffffffff  __binit__                     
ffffffff  __c_args__                    
ffffffff  binit                         
UNDEFED   __mpu_init                    
UNDEFED   _system_post_cinit            

[72 symbols]
