******************************************************************************
                  TI ARM Linker PC v18.1.2                     
******************************************************************************
>> Linked Tue Jan 29 12:06:04 2019

OUTPUT FILE NAME:   <UART_DRVR.out>
ENTRY POINT SYMBOL: "_c_int00_noargs"  address: 00001c19


MEMORY CONFIGURATION

         name            origin    length      used     unused   attr    fill
----------------------  --------  ---------  --------  --------  ----  --------
  FLASH                 00000000   00040000  00001dc4  0003e23c  R  X
  SRAM                  20000000   00008000  00000228  00007dd8  RW X


SEGMENT ALLOCATION MAP

run origin  load origin   length   init length attrs members
----------  ----------- ---------- ----------- ----- -------
00000000    00000000    00001dc8   00001dc8    r-x
  00000000    00000000    0000026c   0000026c    r-- .intvecs
  0000026c    0000026c    00001a38   00001a38    r-x .text
  00001ca4    00001ca4    000000f0   000000f0    r-- .const
  00001d98    00001d98    00000030   00000030    r-- .cinit
20000000    20000000    00000228   00000000    rw-
  20000000    20000000    00000200   00000000    rw- .stack
  20000200    20000200    00000020   00000000    rw- .bss
  20000220    20000220    00000008   00000000    rw- .data


SECTION ALLOCATION MAP

 output                                  attributes/
section   page    origin      length       input sections
--------  ----  ----------  ----------   ----------------
.intvecs   0    00000000    0000026c     
                  00000000    0000026c     tm4c123gh6pm_startup_ccs.obj (.intvecs)

.text      0    0000026c    00001a38     
                  0000026c    00000c0c     UART.obj (.text)
                  00000e78    00000700     GPIO.obj (.text)
                  00001578    000001b6     rtsv7M4_T_le_v4SPD16_eabi.lib : fd_add_t2.asm.obj (.text)
                  0000172e    00000136                                   : fd_div_t2.asm.obj (.text)
                  00001864    0000012c     main.obj (.text)
                  00001990    000000fc     rtsv7M4_T_le_v4SPD16_eabi.lib : fd_mul_t2.asm.obj (.text)
                  00001a8c    0000009c                                   : memcpy_t2.asm.obj (.text)
                  00001b28    00000068                                   : copy_decompress_lzss.c.obj (.text:decompress:lzss:__TI_decompress_lzss)
                  00001b90    00000044                                   : autoinit.c.obj (.text:__TI_auto_init_nobinit_nopinit:__TI_auto_init_nobinit_nopinit)
                  00001bd4    00000044                                   : fd_tou_t2.asm.obj (.text)
                  00001c18    00000038                                   : boot_cortex_m.c.obj (.text:_c_int00_noargs:_c_int00_noargs)
                  00001c50    00000020                                   : u_tofd_t2.asm.obj (.text)
                  00001c70    00000012                                   : copy_zero_init.c.obj (.text:decompress:ZI:__TI_zero_init_nomemset:__TI_zero_init_nomemset)
                  00001c82    0000000e                                   : copy_decompress_none.c.obj (.text:decompress:none:__TI_decompress_none)
                  00001c90    0000000c     tm4c123gh6pm_startup_ccs.obj (.text)
                  00001c9c    00000004     rtsv7M4_T_le_v4SPD16_eabi.lib : pre_init.c.obj (.text:_system_pre_init)
                  00001ca0    00000004                                   : exit.c.obj (.text:abort:abort)

.const     0    00001ca4    000000f0     
                  00001ca4    0000008c     GPIO_Cfg.obj (.const:GPIO_ConfigParam)
                  00001d30    0000002c     UART_Cfg.obj (.const:UART_CfgParam)
                  00001d5c    00000020     UART.obj (.const:UARTBaseAddLuT)
                  00001d7c    00000018     GPIO.obj (.const:PortsBaseAddressLut)

.cinit     0    00001d98    00000030     
                  00001d98    0000000c     (__TI_handler_table)
                  00001da4    00000004     --HOLE-- [fill = 0]
                  00001da8    00000008     (.cinit..bss.load) [load image, compression = zero_init]
                  00001db0    00000007     (.cinit..data.load) [load image, compression = lzss]
                  00001db7    00000001     --HOLE-- [fill = 0]
                  00001db8    00000010     (__TI_cinit_table)

.init_array 
*          0    00000000    00000000     UNINITIALIZED

.bss       0    20000200    00000020     UNINITIALIZED
                  20000200    00000004     (.common:RxCallBck)
                  20000204    00000004     (.common:TxCallBck)
                  20000208    00000004     (.common:UARTRxBuffPtr)
                  2000020c    00000004     (.common:UARTRxCount)
                  20000210    00000004     (.common:UARTRxLength)
                  20000214    00000004     (.common:UARTTxBuffPtr)
                  20000218    00000004     (.common:UARTTxCount)
                  2000021c    00000004     (.common:UARTTxLength)

.data      0    20000220    00000008     UNINITIALIZED
                  20000220    00000007     GPIO.obj (.data:GPIO_GroupState)
                  20000227    00000001     UART.obj (.data:UARTDriverStates)

.stack     0    20000000    00000200     UNINITIALIZED
                  20000000    00000004     rtsv7M4_T_le_v4SPD16_eabi.lib : boot_cortex_m.c.obj (.stack)
                  20000004    000001fc     --HOLE--

MODULE SUMMARY

       Module                         code   ro data   rw data
       ------                         ----   -------   -------
    .\
       UART.obj                       3084   32        33     
       GPIO.obj                       1792   24        7      
       tm4c123gh6pm_startup_ccs.obj   12     620       0      
       main.obj                       300    0         0      
       GPIO_Cfg.obj                   0      140       0      
       UART_Cfg.obj                   0      44        0      
    +--+------------------------------+------+---------+---------+
       Total:                         5188   860       40     
                                                              
    C:\ti\ccsv8\tools\compiler\ti-cgt-arm_18.1.2.LTS\lib\rtsv7M4_T_le_v4SPD16_eabi.lib
       fd_add_t2.asm.obj              438    0         0      
       fd_div_t2.asm.obj              310    0         0      
       fd_mul_t2.asm.obj              252    0         0      
       memcpy_t2.asm.obj              156    0         0      
       copy_decompress_lzss.c.obj     104    0         0      
       autoinit.c.obj                 68     0         0      
       fd_tou_t2.asm.obj              68     0         0      
       boot_cortex_m.c.obj            56     0         0      
       u_tofd_t2.asm.obj              32     0         0      
       copy_zero_init.c.obj           18     0         0      
       copy_decompress_none.c.obj     14     0         0      
       exit.c.obj                     4      0         0      
       pre_init.c.obj                 4      0         0      
    +--+------------------------------+------+---------+---------+
       Total:                         1524   0         0      
                                                              
       Stack:                         0      0         512    
       Linker Generated:              0      43        0      
    +--+------------------------------+------+---------+---------+
       Grand Total:                   6712   903       552    


LINKER GENERATED COPY TABLES

__TI_cinit_table @ 00001db8 records: 2, size/record: 8, table size: 16
	.bss: load addr=00001da8, load size=00000008 bytes, run addr=20000200, run size=00000020 bytes, compression=zero_init
	.data: load addr=00001db0, load size=00000007 bytes, run addr=20000220, run size=00000008 bytes, compression=lzss


LINKER GENERATED HANDLER TABLE

__TI_handler_table @ 00001d98 records: 3, size/record: 4, table size: 12
	index: 0, handler: __TI_decompress_lzss
	index: 1, handler: __TI_decompress_none
	index: 2, handler: __TI_zero_init


GLOBAL SYMBOLS: SORTED ALPHABETICALLY BY Name 

address   name                          
-------   ----                          
0000191f  BlinkLed                      
00001ca1  C$$EXIT                       
00000ca9  ErrorClear                    
00001473  GPIO_ClrInterruptFlag         
00001ca4  GPIO_ConfigParam              
000014c5  GPIO_GetInterruptStatus       
00000e79  GPIO_Init                     
0000110b  GPIO_Read                     
00001191  GPIO_SetAlternFuntion         
00001219  GPIO_SetInterruptEvent        
00001091  GPIO_Write                    
00001c91  ResetISR                      
20000200  RxCallBck                     
20000204  TxCallBck                     
00000adf  UART0_Handler                 
0000195b  UART0_ISR                     
00000ae9  UART1_Handler                 
00000af3  UART2_Handler                 
00000afd  UART3_Handler                 
00000b07  UART4_Handler                 
00000b11  UART5_Handler                 
00000b1b  UART6_Handler                 
00000b25  UART7_Handler                 
20000227  UARTDriverStates              
20000208  UARTRxBuffPtr                 
2000020c  UARTRxCount                   
20000210  UARTRxLength                  
20000214  UARTTxBuffPtr                 
20000218  UARTTxCount                   
2000021c  UARTTxLength                  
00001d30  UART_CfgParam                 
00000d8d  UART_ClearInterruptStatus     
00000ced  UART_GetInterruptStatus       
00000781  UART_GetNumofRxBytes          
00000639  UART_GetNumofTxBytes          
0000026d  UART_Init                     
000007dd  UART_ManageOngoingOperations  
00000e1d  UART_PeripheralProperties     
00000b77  UART_ReceiveByte              
00000c3d  UART_ReceiveStatus            
00000b2f  UART_SendByte                 
00000bc9  UART_SendString               
0000068f  UART_StartReceiving           
00000525  UART_StartTransmission        
00000719  UART_StopCurrentReception     
000005c5  UART_StopCurrentTransmission  
20000200  __STACK_END                   
00000200  __STACK_SIZE                  
20000200  __STACK_TOP                   
00001db8  __TI_CINIT_Base               
00001dc8  __TI_CINIT_Limit              
00001d98  __TI_Handler_Table_Base       
00001da4  __TI_Handler_Table_Limit      
00001b91  __TI_auto_init_nobinit_nopinit
00001b29  __TI_decompress_lzss          
00001c83  __TI_decompress_none          
ffffffff  __TI_pprof_out_hndl           
ffffffff  __TI_prof_data_size           
ffffffff  __TI_prof_data_start          
00000000  __TI_static_base__            
00001c71  __TI_zero_init_nomemset       
00001bd5  __aeabi_d2uiz                 
00001583  __aeabi_dadd                  
0000172f  __aeabi_ddiv                  
00001991  __aeabi_dmul                  
00001579  __aeabi_dsub                  
00001a8d  __aeabi_memcpy                
00001a8d  __aeabi_memcpy4               
00001a8d  __aeabi_memcpy8               
00001c51  __aeabi_ui2d                  
ffffffff  __binit__                     
ffffffff  __c_args__                    
UNDEFED   __mpu_init                    
20000000  __stack                       
00001c19  _c_int00_noargs               
UNDEFED   _system_post_cinit            
00001c9d  _system_pre_init              
00001ca1  abort                         
ffffffff  binit                         
000018db  delay100ms                    
00000000  g_pfnVectors                  
00001865  main                          
00001a8d  memcpy                        
00001969  receive                       
00001967  trans                         


GLOBAL SYMBOLS: SORTED BY Symbol Address 

address   name                          
-------   ----                          
00000000  __TI_static_base__            
00000000  g_pfnVectors                  
00000200  __STACK_SIZE                  
0000026d  UART_Init                     
00000525  UART_StartTransmission        
000005c5  UART_StopCurrentTransmission  
00000639  UART_GetNumofTxBytes          
0000068f  UART_StartReceiving           
00000719  UART_StopCurrentReception     
00000781  UART_GetNumofRxBytes          
000007dd  UART_ManageOngoingOperations  
00000adf  UART0_Handler                 
00000ae9  UART1_Handler                 
00000af3  UART2_Handler                 
00000afd  UART3_Handler                 
00000b07  UART4_Handler                 
00000b11  UART5_Handler                 
00000b1b  UART6_Handler                 
00000b25  UART7_Handler                 
00000b2f  UART_SendByte                 
00000b77  UART_ReceiveByte              
00000bc9  UART_SendString               
00000c3d  UART_ReceiveStatus            
00000ca9  ErrorClear                    
00000ced  UART_GetInterruptStatus       
00000d8d  UART_ClearInterruptStatus     
00000e1d  UART_PeripheralProperties     
00000e79  GPIO_Init                     
00001091  GPIO_Write                    
0000110b  GPIO_Read                     
00001191  GPIO_SetAlternFuntion         
00001219  GPIO_SetInterruptEvent        
00001473  GPIO_ClrInterruptFlag         
000014c5  GPIO_GetInterruptStatus       
00001579  __aeabi_dsub                  
00001583  __aeabi_dadd                  
0000172f  __aeabi_ddiv                  
00001865  main                          
000018db  delay100ms                    
0000191f  BlinkLed                      
0000195b  UART0_ISR                     
00001967  trans                         
00001969  receive                       
00001991  __aeabi_dmul                  
00001a8d  __aeabi_memcpy                
00001a8d  __aeabi_memcpy4               
00001a8d  __aeabi_memcpy8               
00001a8d  memcpy                        
00001b29  __TI_decompress_lzss          
00001b91  __TI_auto_init_nobinit_nopinit
00001bd5  __aeabi_d2uiz                 
00001c19  _c_int00_noargs               
00001c51  __aeabi_ui2d                  
00001c71  __TI_zero_init_nomemset       
00001c83  __TI_decompress_none          
00001c91  ResetISR                      
00001c9d  _system_pre_init              
00001ca1  C$$EXIT                       
00001ca1  abort                         
00001ca4  GPIO_ConfigParam              
00001d30  UART_CfgParam                 
00001d98  __TI_Handler_Table_Base       
00001da4  __TI_Handler_Table_Limit      
00001db8  __TI_CINIT_Base               
00001dc8  __TI_CINIT_Limit              
20000000  __stack                       
20000200  RxCallBck                     
20000200  __STACK_END                   
20000200  __STACK_TOP                   
20000204  TxCallBck                     
20000208  UARTRxBuffPtr                 
2000020c  UARTRxCount                   
20000210  UARTRxLength                  
20000214  UARTTxBuffPtr                 
20000218  UARTTxCount                   
2000021c  UARTTxLength                  
20000227  UARTDriverStates              
ffffffff  __TI_pprof_out_hndl           
ffffffff  __TI_prof_data_size           
ffffffff  __TI_prof_data_start          
ffffffff  __binit__                     
ffffffff  __c_args__                    
ffffffff  binit                         
UNDEFED   __mpu_init                    
UNDEFED   _system_post_cinit            

[85 symbols]
