******************************************************************************
                  TI ARM Linker PC v18.1.2                     
******************************************************************************
>> Linked Wed Feb 27 10:47:55 2019

OUTPUT FILE NAME:   <UART_DRVR.out>
ENTRY POINT SYMBOL: "_c_int00_noargs"  address: 00001b89


MEMORY CONFIGURATION

         name            origin    length      used     unused   attr    fill
----------------------  --------  ---------  --------  --------  ----  --------
  FLASH                 00000000   00040000  00001d60  0003e2a0  R  X
  SRAM                  20000000   00008000  00000249  00007db7  RW X


SEGMENT ALLOCATION MAP

run origin  load origin   length   init length attrs members
----------  ----------- ---------- ----------- ----- -------
00000000    00000000    00001d60   00001d60    r-x
  00000000    00000000    0000026c   0000026c    r-- .intvecs
  0000026c    0000026c    000019a8   000019a8    r-x .text
  00001c14    00001c14    0000011c   0000011c    r-- .const
  00001d30    00001d30    00000030   00000030    r-- .cinit
20000000    20000000    00000249   00000000    rw-
  20000000    20000000    00000200   00000000    rw- .stack
  20000200    20000200    00000040   00000000    rw- .bss
  20000240    20000240    00000009   00000000    rw- .data


SECTION ALLOCATION MAP

 output                                  attributes/
section   page    origin      length       input sections
--------  ----  ----------  ----------   ----------------
.intvecs   0    00000000    0000026c     
                  00000000    0000026c     tm4c123gh6pm_startup_ccs.obj (.intvecs)

.text      0    0000026c    000019a8     
                  0000026c    00000b60     UART.obj (.text)
                  00000dcc    00000700     GPIO.obj (.text)
                  000014cc    000001b6     rtsv7M4_T_le_v4SPD16_eabi.lib : fd_add_t2.asm.obj (.text)
                  00001682    00000002     --HOLE-- [fill = 0]
                  00001684    00000144     main.obj (.text)
                  000017c8    00000136     rtsv7M4_T_le_v4SPD16_eabi.lib : fd_div_t2.asm.obj (.text)
                  000018fe    000000fc                                   : fd_mul_t2.asm.obj (.text)
                  000019fa    0000009c                                   : memcpy_t2.asm.obj (.text)
                  00001a96    00000068                                   : copy_decompress_lzss.c.obj (.text:decompress:lzss:__TI_decompress_lzss)
                  00001afe    00000002     --HOLE-- [fill = 0]
                  00001b00    00000044                                   : autoinit.c.obj (.text:__TI_auto_init_nobinit_nopinit:__TI_auto_init_nobinit_nopinit)
                  00001b44    00000044                                   : fd_tou_t2.asm.obj (.text)
                  00001b88    00000038                                   : boot_cortex_m.c.obj (.text:_c_int00_noargs:_c_int00_noargs)
                  00001bc0    00000020                                   : u_tofd_t2.asm.obj (.text)
                  00001be0    00000012                                   : copy_zero_init.c.obj (.text:decompress:ZI:__TI_zero_init_nomemset:__TI_zero_init_nomemset)
                  00001bf2    0000000e                                   : copy_decompress_none.c.obj (.text:decompress:none:__TI_decompress_none)
                  00001c00    0000000c     tm4c123gh6pm_startup_ccs.obj (.text)
                  00001c0c    00000004     rtsv7M4_T_le_v4SPD16_eabi.lib : pre_init.c.obj (.text:_system_pre_init)
                  00001c10    00000004                                   : exit.c.obj (.text:abort:abort)

.const     0    00001c14    0000011c     
                  00001c14    0000008c     GPIO_Cfg.obj (.const:GPIO_ConfigParam)
                  00001ca0    00000058     UART_Cfg.obj (.const:UART_CfgParam)
                  00001cf8    00000020     UART.obj (.const:UARTBaseAddLuT)
                  00001d18    00000018     GPIO.obj (.const:PortsBaseAddressLut)

.cinit     0    00001d30    00000030     
                  00001d30    0000000c     (__TI_handler_table)
                  00001d3c    00000004     --HOLE-- [fill = 0]
                  00001d40    00000008     (.cinit..bss.load) [load image, compression = zero_init]
                  00001d48    00000007     (.cinit..data.load) [load image, compression = lzss]
                  00001d4f    00000001     --HOLE-- [fill = 0]
                  00001d50    00000010     (__TI_cinit_table)

.init_array 
*          0    00000000    00000000     UNINITIALIZED

.bss       0    20000200    00000040     UNINITIALIZED
                  20000200    00000008     (.common:RxCallBck)
                  20000208    00000008     (.common:TxCallBck)
                  20000210    00000008     (.common:UARTRxBuffPtr)
                  20000218    00000008     (.common:UARTRxCount)
                  20000220    00000008     (.common:UARTRxLength)
                  20000228    00000008     (.common:UARTTxBuffPtr)
                  20000230    00000008     (.common:UARTTxCount)
                  20000238    00000008     (.common:UARTTxLength)

.data      0    20000240    00000009     UNINITIALIZED
                  20000240    00000007     GPIO.obj (.data:GPIO_GroupState)
                  20000247    00000002     UART.obj (.data:UARTDriverStates)

.stack     0    20000000    00000200     UNINITIALIZED
                  20000000    00000004     rtsv7M4_T_le_v4SPD16_eabi.lib : boot_cortex_m.c.obj (.stack)
                  20000004    000001fc     --HOLE--

MODULE SUMMARY

       Module                         code   ro data   rw data
       ------                         ----   -------   -------
    .\
       UART.obj                       2912   32        66     
       GPIO.obj                       1792   24        7      
       tm4c123gh6pm_startup_ccs.obj   12     620       0      
       main.obj                       324    0         0      
       GPIO_Cfg.obj                   0      140       0      
       UART_Cfg.obj                   0      88        0      
    +--+------------------------------+------+---------+---------+
       Total:                         5040   904       73     
                                                              
    C:\ti\ccsv8\tools\compiler\ti-cgt-arm_18.1.2.LTS\lib\rtsv7M4_T_le_v4SPD16_eabi.lib
       fd_add_t2.asm.obj              438    0         0      
       fd_div_t2.asm.obj              310    0         0      
       fd_mul_t2.asm.obj              252    0         0      
       memcpy_t2.asm.obj              156    0         0      
       copy_decompress_lzss.c.obj     104    0         0      
       autoinit.c.obj                 68     0         0      
       fd_tou_t2.asm.obj              68     0         0      
       boot_cortex_m.c.obj            56     0         0      
       u_tofd_t2.asm.obj              32     0         0      
       copy_zero_init.c.obj           18     0         0      
       copy_decompress_none.c.obj     14     0         0      
       exit.c.obj                     4      0         0      
       pre_init.c.obj                 4      0         0      
    +--+------------------------------+------+---------+---------+
       Total:                         1524   0         0      
                                                              
       Stack:                         0      0         512    
       Linker Generated:              0      43        0      
    +--+------------------------------+------+---------+---------+
       Grand Total:                   6564   947       585    


LINKER GENERATED COPY TABLES

__TI_cinit_table @ 00001d50 records: 2, size/record: 8, table size: 16
	.bss: load addr=00001d40, load size=00000008 bytes, run addr=20000200, run size=00000040 bytes, compression=zero_init
	.data: load addr=00001d48, load size=00000007 bytes, run addr=20000240, run size=00000009 bytes, compression=lzss


LINKER GENERATED HANDLER TABLE

__TI_handler_table @ 00001d30 records: 3, size/record: 4, table size: 12
	index: 0, handler: __TI_decompress_lzss
	index: 1, handler: __TI_decompress_none
	index: 2, handler: __TI_zero_init


GLOBAL SYMBOLS: SORTED ALPHABETICALLY BY Name 

address   name                          
-------   ----                          
00001727  BlinkLed                      
00001c11  C$$EXIT                       
00000be1  ErrorClear                    
000013c7  GPIO_ClrInterruptFlag         
00001c14  GPIO_ConfigParam              
00001419  GPIO_GetInterruptStatus       
00000dcd  GPIO_Init                     
0000105f  GPIO_Read                     
000010e5  GPIO_SetAlternFuntion         
0000116d  GPIO_SetInterruptEvent        
00000fe5  GPIO_Write                    
00001c01  ResetISR                      
20000200  RxCallBck                     
20000208  TxCallBck                     
00000b1d  UART0_Handler                 
00001763  UART0_ISR                     
00000b27  UART1_Handler                 
00000b31  UART2_Handler                 
00000b3b  UART3_Handler                 
00000b45  UART4_Handler                 
00000b4f  UART5_Handler                 
00000b59  UART6_Handler                 
00000b63  UART7_Handler                 
20000247  UARTDriverStates              
20000210  UARTRxBuffPtr                 
20000218  UARTRxCount                   
20000220  UARTRxLength                  
20000228  UARTTxBuffPtr                 
20000230  UARTTxCount                   
20000238  UARTTxLength                  
00001ca0  UART_CfgParam                 
00000cd1  UART_ClearInterruptStatus     
00000c39  UART_GetInterruptStatus       
00000789  UART_GetNumofRxBytes          
0000063d  UART_GetNumofTxBytes          
0000026d  UART_Init                     
000007e9  UART_ManageOngoingOperations  
00000d69  UART_PeripheralProperties     
00000b6d  UART_ReceiveStatus            
00000695  UART_StartReceiving           
00000525  UART_StartTransmission        
0000071f  UART_StopCurrentReception     
000005c5  UART_StopCurrentTransmission  
20000200  __STACK_END                   
00000200  __STACK_SIZE                  
20000200  __STACK_TOP                   
00001d50  __TI_CINIT_Base               
00001d60  __TI_CINIT_Limit              
00001d30  __TI_Handler_Table_Base       
00001d3c  __TI_Handler_Table_Limit      
00001b01  __TI_auto_init_nobinit_nopinit
00001a97  __TI_decompress_lzss          
00001bf3  __TI_decompress_none          
ffffffff  __TI_pprof_out_hndl           
ffffffff  __TI_prof_data_size           
ffffffff  __TI_prof_data_start          
00000000  __TI_static_base__            
00001be1  __TI_zero_init_nomemset       
00001b45  __aeabi_d2uiz                 
000014d7  __aeabi_dadd                  
000017c9  __aeabi_ddiv                  
000018ff  __aeabi_dmul                  
000014cd  __aeabi_dsub                  
000019fb  __aeabi_memcpy                
000019fb  __aeabi_memcpy4               
000019fb  __aeabi_memcpy8               
00001bc1  __aeabi_ui2d                  
ffffffff  __binit__                     
ffffffff  __c_args__                    
UNDEFED   __mpu_init                    
20000000  __stack                       
00001b89  _c_int00_noargs               
UNDEFED   _system_post_cinit            
00001c0d  _system_pre_init              
00001c11  abort                         
ffffffff  binit                         
000016e3  delay100ms                    
00000000  g_pfnVectors                  
00001685  main                          
000019fb  memcpy                        
00001771  receive                       
0000176f  trans                         


GLOBAL SYMBOLS: SORTED BY Symbol Address 

address   name                          
-------   ----                          
00000000  __TI_static_base__            
00000000  g_pfnVectors                  
00000200  __STACK_SIZE                  
0000026d  UART_Init                     
00000525  UART_StartTransmission        
000005c5  UART_StopCurrentTransmission  
0000063d  UART_GetNumofTxBytes          
00000695  UART_StartReceiving           
0000071f  UART_StopCurrentReception     
00000789  UART_GetNumofRxBytes          
000007e9  UART_ManageOngoingOperations  
00000b1d  UART0_Handler                 
00000b27  UART1_Handler                 
00000b31  UART2_Handler                 
00000b3b  UART3_Handler                 
00000b45  UART4_Handler                 
00000b4f  UART5_Handler                 
00000b59  UART6_Handler                 
00000b63  UART7_Handler                 
00000b6d  UART_ReceiveStatus            
00000be1  ErrorClear                    
00000c39  UART_GetInterruptStatus       
00000cd1  UART_ClearInterruptStatus     
00000d69  UART_PeripheralProperties     
00000dcd  GPIO_Init                     
00000fe5  GPIO_Write                    
0000105f  GPIO_Read                     
000010e5  GPIO_SetAlternFuntion         
0000116d  GPIO_SetInterruptEvent        
000013c7  GPIO_ClrInterruptFlag         
00001419  GPIO_GetInterruptStatus       
000014cd  __aeabi_dsub                  
000014d7  __aeabi_dadd                  
00001685  main                          
000016e3  delay100ms                    
00001727  BlinkLed                      
00001763  UART0_ISR                     
0000176f  trans                         
00001771  receive                       
000017c9  __aeabi_ddiv                  
000018ff  __aeabi_dmul                  
000019fb  __aeabi_memcpy                
000019fb  __aeabi_memcpy4               
000019fb  __aeabi_memcpy8               
000019fb  memcpy                        
00001a97  __TI_decompress_lzss          
00001b01  __TI_auto_init_nobinit_nopinit
00001b45  __aeabi_d2uiz                 
00001b89  _c_int00_noargs               
00001bc1  __aeabi_ui2d                  
00001be1  __TI_zero_init_nomemset       
00001bf3  __TI_decompress_none          
00001c01  ResetISR                      
00001c0d  _system_pre_init              
00001c11  C$$EXIT                       
00001c11  abort                         
00001c14  GPIO_ConfigParam              
00001ca0  UART_CfgParam                 
00001d30  __TI_Handler_Table_Base       
00001d3c  __TI_Handler_Table_Limit      
00001d50  __TI_CINIT_Base               
00001d60  __TI_CINIT_Limit              
20000000  __stack                       
20000200  RxCallBck                     
20000200  __STACK_END                   
20000200  __STACK_TOP                   
20000208  TxCallBck                     
20000210  UARTRxBuffPtr                 
20000218  UARTRxCount                   
20000220  UARTRxLength                  
20000228  UARTTxBuffPtr                 
20000230  UARTTxCount                   
20000238  UARTTxLength                  
20000247  UARTDriverStates              
ffffffff  __TI_pprof_out_hndl           
ffffffff  __TI_prof_data_size           
ffffffff  __TI_prof_data_start          
ffffffff  __binit__                     
ffffffff  __c_args__                    
ffffffff  binit                         
UNDEFED   __mpu_init                    
UNDEFED   _system_post_cinit            

[82 symbols]
