******************************************************************************
                  TI ARM Linker PC v18.1.3                     
******************************************************************************
>> Linked Tue Oct  9 21:39:44 2018

OUTPUT FILE NAME:   <UART_DRVR.out>
ENTRY POINT SYMBOL: "_c_int00_noargs"  address: 00001629


MEMORY CONFIGURATION

         name            origin    length      used     unused   attr    fill
----------------------  --------  ---------  --------  --------  ----  --------
  FLASH                 00000000   00040000  0000178e  0003e872  R  X
  SRAM                  20000000   00008000  00000206  00007dfa  RW X


SEGMENT ALLOCATION MAP

run origin  load origin   length   init length attrs members
----------  ----------- ---------- ----------- ----- -------
00000000    00000000    00001790   00001790    r-x
  00000000    00000000    0000026c   0000026c    r-- .intvecs
  0000026c    0000026c    00001436   00001436    r-x .text
  000016a4    000016a4    000000d4   000000d4    r-- .const
  00001778    00001778    00000018   00000018    r-- .cinit
20000000    20000000    00000206   00000000    rw-
  20000000    20000000    00000200   00000000    rw- .stack
  20000200    20000200    00000006   00000000    rw- .data


SECTION ALLOCATION MAP

 output                                  attributes/
section   page    origin      length       input sections
--------  ----  ----------  ----------   ----------------
.intvecs   0    00000000    0000026c     
                  00000000    0000026c     tm4c123gh6pm_startup_ccs.obj (.intvecs)

.text      0    0000026c    00001436     
                  0000026c    00000700     GPIO.obj (.text)
                  0000096c    00000618     UART.obj (.text)
                  00000f84    000001b6     rtsv7M4_T_le_v4SPD16_eabi.lib : fd_add_t2.asm.obj (.text)
                  0000113a    00000136                                   : fd_div_t2.asm.obj (.text)
                  00001270    00000130     main.obj (.text)
                  000013a0    000000fc     rtsv7M4_T_le_v4SPD16_eabi.lib : fd_mul_t2.asm.obj (.text)
                  0000149c    0000009c                                   : memcpy_t2.asm.obj (.text)
                  00001538    00000068                                   : copy_decompress_lzss.c.obj (.text:decompress:lzss:__TI_decompress_lzss)
                  000015a0    00000044                                   : autoinit.c.obj (.text:__TI_auto_init_nobinit_nopinit:__TI_auto_init_nobinit_nopinit)
                  000015e4    00000044                                   : fd_tou_t2.asm.obj (.text)
                  00001628    00000038                                   : boot_cortex_m.c.obj (.text:_c_int00_noargs:_c_int00_noargs)
                  00001660    00000020                                   : u_tofd_t2.asm.obj (.text)
                  00001680    0000000e                                   : copy_decompress_none.c.obj (.text:decompress:none:__TI_decompress_none)
                  0000168e    0000000c     tm4c123gh6pm_startup_ccs.obj (.text)
                  0000169a    00000004     rtsv7M4_T_le_v4SPD16_eabi.lib : pre_init.c.obj (.text:_system_pre_init)
                  0000169e    00000004                                   : exit.c.obj (.text:abort:abort)

.const     0    000016a4    000000d4     
                  000016a4    00000078     GPIO_Cfg.obj (.const:GPIO_ConfigParam)
                  0000171c    00000024     UART_Cfg.obj (.const:UART_CfgParam)
                  00001740    00000020     UART.obj (.const:UARTBaseAddLuT)
                  00001760    00000018     GPIO.obj (.const:PortsBaseAddressLut)

.cinit     0    00001778    00000018     
                  00001778    00000008     (__TI_handler_table)
                  00001780    00000007     (.cinit..data.load) [load image, compression = lzss]
                  00001787    00000001     --HOLE-- [fill = 0]
                  00001788    00000008     (__TI_cinit_table)

.init_array 
*          0    00000000    00000000     UNINITIALIZED

.data      0    20000200    00000006     UNINITIALIZED
                  20000200    00000006     GPIO.obj (.data:GPIO_GroupState)

.stack     0    20000000    00000200     UNINITIALIZED
                  20000000    00000004     rtsv7M4_T_le_v4SPD16_eabi.lib : boot_cortex_m.c.obj (.stack)
                  20000004    000001fc     --HOLE--

MODULE SUMMARY

       Module                         code   ro data   rw data
       ------                         ----   -------   -------
    .\
       GPIO.obj                       1792   24        6      
       UART.obj                       1560   32        0      
       tm4c123gh6pm_startup_ccs.obj   12     620       0      
       main.obj                       304    0         0      
       GPIO_Cfg.obj                   0      120       0      
       UART_Cfg.obj                   0      36        0      
    +--+------------------------------+------+---------+---------+
       Total:                         3668   832       6      
                                                              
    C:\ti\ccsv8\tools\compiler\ti-cgt-arm_18.1.3.LTS\lib\rtsv7M4_T_le_v4SPD16_eabi.lib
       fd_add_t2.asm.obj              438    0         0      
       fd_div_t2.asm.obj              310    0         0      
       fd_mul_t2.asm.obj              252    0         0      
       memcpy_t2.asm.obj              156    0         0      
       copy_decompress_lzss.c.obj     104    0         0      
       autoinit.c.obj                 68     0         0      
       fd_tou_t2.asm.obj              68     0         0      
       boot_cortex_m.c.obj            56     0         0      
       u_tofd_t2.asm.obj              32     0         0      
       copy_decompress_none.c.obj     14     0         0      
       exit.c.obj                     4      0         0      
       pre_init.c.obj                 4      0         0      
    +--+------------------------------+------+---------+---------+
       Total:                         1506   0         0      
                                                              
       Stack:                         0      0         512    
       Linker Generated:              0      23        0      
    +--+------------------------------+------+---------+---------+
       Grand Total:                   5174   855       518    


LINKER GENERATED COPY TABLES

__TI_cinit_table @ 00001788 records: 1, size/record: 8, table size: 8
	.data: load addr=00001780, load size=00000007 bytes, run addr=20000200, run size=00000006 bytes, compression=lzss


LINKER GENERATED HANDLER TABLE

__TI_handler_table @ 00001778 records: 2, size/record: 4, table size: 8
	index: 0, handler: __TI_decompress_lzss
	index: 1, handler: __TI_decompress_none


GLOBAL SYMBOLS: SORTED ALPHABETICALLY BY Name 

address   name                          
-------   ----                          
0000133f  BlinkLed                      
0000169f  C$$EXIT                       
00000dc5  ErrorClear                    
00000867  GPIO_ClrInterruptFlag         
000016a4  GPIO_ConfigParam              
000008b9  GPIO_GetInterruptStatus       
0000026d  GPIO_Init                     
000004ff  GPIO_Read                     
00000585  GPIO_SetAlternFuntion         
0000060d  GPIO_SetInterruptEvent        
00000485  GPIO_Write                    
00000d0d  MinUARTDelay                  
0000168f  ResetISR                      
0000171c  UART_CfgParam                 
00000e99  UART_ClearInterruptStatus     
00000e01  UART_GetInterruptStatus       
0000096d  UART_Init                     
00000f29  UART_PeripheralProperties     
00000c41  UART_ReceiveByte              
00000d59  UART_ReceiveStatus            
00000bf9  UART_SendByte                 
00000c99  UART_SendString               
20000200  __STACK_END                   
00000200  __STACK_SIZE                  
20000200  __STACK_TOP                   
00001788  __TI_CINIT_Base               
00001790  __TI_CINIT_Limit              
00001778  __TI_Handler_Table_Base       
00001780  __TI_Handler_Table_Limit      
000015a1  __TI_auto_init_nobinit_nopinit
00001539  __TI_decompress_lzss          
00001681  __TI_decompress_none          
ffffffff  __TI_pprof_out_hndl           
ffffffff  __TI_prof_data_size           
ffffffff  __TI_prof_data_start          
00000000  __TI_static_base__            
000015e5  __aeabi_d2uiz                 
00000f8f  __aeabi_dadd                  
0000113b  __aeabi_ddiv                  
000013a1  __aeabi_dmul                  
00000f85  __aeabi_dsub                  
0000149d  __aeabi_memcpy                
0000149d  __aeabi_memcpy4               
0000149d  __aeabi_memcpy8               
00001661  __aeabi_ui2d                  
ffffffff  __binit__                     
ffffffff  __c_args__                    
UNDEFED   __mpu_init                    
20000000  __stack                       
00001629  _c_int00_noargs               
UNDEFED   _system_post_cinit            
0000169b  _system_pre_init              
0000169f  abort                         
ffffffff  binit                         
000012fb  delay100ms                    
00000000  g_pfnVectors                  
00001271  main                          
0000149d  memcpy                        


GLOBAL SYMBOLS: SORTED BY Symbol Address 

address   name                          
-------   ----                          
00000000  __TI_static_base__            
00000000  g_pfnVectors                  
00000200  __STACK_SIZE                  
0000026d  GPIO_Init                     
00000485  GPIO_Write                    
000004ff  GPIO_Read                     
00000585  GPIO_SetAlternFuntion         
0000060d  GPIO_SetInterruptEvent        
00000867  GPIO_ClrInterruptFlag         
000008b9  GPIO_GetInterruptStatus       
0000096d  UART_Init                     
00000bf9  UART_SendByte                 
00000c41  UART_ReceiveByte              
00000c99  UART_SendString               
00000d0d  MinUARTDelay                  
00000d59  UART_ReceiveStatus            
00000dc5  ErrorClear                    
00000e01  UART_GetInterruptStatus       
00000e99  UART_ClearInterruptStatus     
00000f29  UART_PeripheralProperties     
00000f85  __aeabi_dsub                  
00000f8f  __aeabi_dadd                  
0000113b  __aeabi_ddiv                  
00001271  main                          
000012fb  delay100ms                    
0000133f  BlinkLed                      
000013a1  __aeabi_dmul                  
0000149d  __aeabi_memcpy                
0000149d  __aeabi_memcpy4               
0000149d  __aeabi_memcpy8               
0000149d  memcpy                        
00001539  __TI_decompress_lzss          
000015a1  __TI_auto_init_nobinit_nopinit
000015e5  __aeabi_d2uiz                 
00001629  _c_int00_noargs               
00001661  __aeabi_ui2d                  
00001681  __TI_decompress_none          
0000168f  ResetISR                      
0000169b  _system_pre_init              
0000169f  C$$EXIT                       
0000169f  abort                         
000016a4  GPIO_ConfigParam              
0000171c  UART_CfgParam                 
00001778  __TI_Handler_Table_Base       
00001780  __TI_Handler_Table_Limit      
00001788  __TI_CINIT_Base               
00001790  __TI_CINIT_Limit              
20000000  __stack                       
20000200  __STACK_END                   
20000200  __STACK_TOP                   
ffffffff  __TI_pprof_out_hndl           
ffffffff  __TI_prof_data_size           
ffffffff  __TI_prof_data_start          
ffffffff  __binit__                     
ffffffff  __c_args__                    
ffffffff  binit                         
UNDEFED   __mpu_init                    
UNDEFED   _system_post_cinit            

[58 symbols]
