******************************************************************************
                  TI ARM Linker PC v18.1.3                     
******************************************************************************
>> Linked Sun Sep 30 06:55:13 2018

OUTPUT FILE NAME:   <UART_DRVR.out>
ENTRY POINT SYMBOL: "_c_int00_noargs"  address: 000010d5


MEMORY CONFIGURATION

         name            origin    length      used     unused   attr    fill
----------------------  --------  ---------  --------  --------  ----  --------
  FLASH                 00000000   00040000  00001216  0003edea  R  X
  SRAM                  20000000   00008000  00000206  00007dfa  RW X


SEGMENT ALLOCATION MAP

run origin  load origin   length   init length attrs members
----------  ----------- ---------- ----------- ----- -------
00000000    00000000    00001218   00001218    r-x
  00000000    00000000    0000026c   0000026c    r-- .intvecs
  0000026c    0000026c    00000ec2   00000ec2    r-x .text
  00001130    00001130    000000d0   000000d0    r-- .const
  00001200    00001200    00000018   00000018    r-- .cinit
20000000    20000000    00000206   00000000    rw-
  20000000    20000000    00000200   00000000    rw- .stack
  20000200    20000200    00000006   00000000    rw- .data


SECTION ALLOCATION MAP

 output                                  attributes/
section   page    origin      length       input sections
--------  ----  ----------  ----------   ----------------
.intvecs   0    00000000    0000026c     
                  00000000    0000026c     tm4c123gh6pm_startup_ccs.obj (.intvecs)

.text      0    0000026c    00000ec2     
                  0000026c    00000700     GPIO.obj (.text)
                  0000096c    000004f0     UART.obj (.text)
                  00000e5c    00000130     main.obj (.text)
                  00000f8c    0000009c     rtsv7M4_T_le_v4SPD16_eabi.lib : memcpy_t2.asm.obj (.text)
                  00001028    00000068                                   : copy_decompress_lzss.c.obj (.text:decompress:lzss:__TI_decompress_lzss)
                  00001090    00000044                                   : autoinit.c.obj (.text:__TI_auto_init_nobinit_nopinit:__TI_auto_init_nobinit_nopinit)
                  000010d4    00000038                                   : boot_cortex_m.c.obj (.text:_c_int00_noargs:_c_int00_noargs)
                  0000110c    0000000e                                   : copy_decompress_none.c.obj (.text:decompress:none:__TI_decompress_none)
                  0000111a    0000000c     tm4c123gh6pm_startup_ccs.obj (.text)
                  00001126    00000004     rtsv7M4_T_le_v4SPD16_eabi.lib : pre_init.c.obj (.text:_system_pre_init)
                  0000112a    00000004                                   : exit.c.obj (.text:abort:abort)

.const     0    00001130    000000d0     
                  00001130    00000078     GPIO_Cfg.obj (.const:GPIO_ConfigParam)
                  000011a8    00000020     UART.obj (.const:UARTBaseAddLuT)
                  000011c8    00000020     UART_Cfg.obj (.const:UART_CfgParam)
                  000011e8    00000018     GPIO.obj (.const:PortsBaseAddressLut)

.cinit     0    00001200    00000018     
                  00001200    00000008     (__TI_handler_table)
                  00001208    00000007     (.cinit..data.load) [load image, compression = lzss]
                  0000120f    00000001     --HOLE-- [fill = 0]
                  00001210    00000008     (__TI_cinit_table)

.init_array 
*          0    00000000    00000000     UNINITIALIZED

.data      0    20000200    00000006     UNINITIALIZED
                  20000200    00000006     GPIO.obj (.data:GPIO_GroupState)

.stack     0    20000000    00000200     UNINITIALIZED
                  20000000    00000004     rtsv7M4_T_le_v4SPD16_eabi.lib : boot_cortex_m.c.obj (.stack)
                  20000004    000001fc     --HOLE--

MODULE SUMMARY

       Module                         code   ro data   rw data
       ------                         ----   -------   -------
    .\
       GPIO.obj                       1792   24        6      
       UART.obj                       1264   32        0      
       tm4c123gh6pm_startup_ccs.obj   12     620       0      
       main.obj                       304    0         0      
       GPIO_Cfg.obj                   0      120       0      
       UART_Cfg.obj                   0      32        0      
    +--+------------------------------+------+---------+---------+
       Total:                         3372   828       6      
                                                              
    C:\ti\ccsv8\tools\compiler\ti-cgt-arm_18.1.3.LTS\lib\rtsv7M4_T_le_v4SPD16_eabi.lib
       memcpy_t2.asm.obj              156    0         0      
       copy_decompress_lzss.c.obj     104    0         0      
       autoinit.c.obj                 68     0         0      
       boot_cortex_m.c.obj            56     0         0      
       copy_decompress_none.c.obj     14     0         0      
       exit.c.obj                     4      0         0      
       pre_init.c.obj                 4      0         0      
    +--+------------------------------+------+---------+---------+
       Total:                         406    0         0      
                                                              
       Stack:                         0      0         512    
       Linker Generated:              0      23        0      
    +--+------------------------------+------+---------+---------+
       Grand Total:                   3778   851       518    


LINKER GENERATED COPY TABLES

__TI_cinit_table @ 00001210 records: 1, size/record: 8, table size: 8
	.data: load addr=00001208, load size=00000007 bytes, run addr=20000200, run size=00000006 bytes, compression=lzss


LINKER GENERATED HANDLER TABLE

__TI_handler_table @ 00001200 records: 2, size/record: 4, table size: 8
	index: 0, handler: __TI_decompress_lzss
	index: 1, handler: __TI_decompress_none


GLOBAL SYMBOLS: SORTED ALPHABETICALLY BY Name 

address   name                          
-------   ----                          
00000f2b  BlinkLed                      
0000112b  C$$EXIT                       
00000c9d  ErrorClear                    
00000867  GPIO_ClrInterruptFlag         
00001130  GPIO_ConfigParam              
000008b9  GPIO_GetInterruptStatus       
0000026d  GPIO_Init                     
000004ff  GPIO_Read                     
00000585  GPIO_SetAlternFuntion         
0000060d  GPIO_SetInterruptEvent        
00000485  GPIO_Write                    
00000be1  MinUARTDelay                  
0000111b  ResetISR                      
000011c8  UART_CfgParam                 
00000d71  UART_ClearInterruptStatus     
00000cd9  UART_GetInterruptStatus       
0000096d  UART_Init                     
00000e01  UART_PeripheralProperties     
00000b43  UART_ReceiveByte              
00000c29  UART_ReceiveStatus            
00000afb  UART_SendByte                 
00000b89  UART_SendString               
20000200  __STACK_END                   
00000200  __STACK_SIZE                  
20000200  __STACK_TOP                   
00001210  __TI_CINIT_Base               
00001218  __TI_CINIT_Limit              
00001200  __TI_Handler_Table_Base       
00001208  __TI_Handler_Table_Limit      
00001091  __TI_auto_init_nobinit_nopinit
00001029  __TI_decompress_lzss          
0000110d  __TI_decompress_none          
ffffffff  __TI_pprof_out_hndl           
ffffffff  __TI_prof_data_size           
ffffffff  __TI_prof_data_start          
00000000  __TI_static_base__            
00000f8d  __aeabi_memcpy                
00000f8d  __aeabi_memcpy4               
00000f8d  __aeabi_memcpy8               
ffffffff  __binit__                     
ffffffff  __c_args__                    
UNDEFED   __mpu_init                    
20000000  __stack                       
000010d5  _c_int00_noargs               
UNDEFED   _system_post_cinit            
00001127  _system_pre_init              
0000112b  abort                         
ffffffff  binit                         
00000ee7  delay100ms                    
00000000  g_pfnVectors                  
00000e5d  main                          
00000f8d  memcpy                        


GLOBAL SYMBOLS: SORTED BY Symbol Address 

address   name                          
-------   ----                          
00000000  __TI_static_base__            
00000000  g_pfnVectors                  
00000200  __STACK_SIZE                  
0000026d  GPIO_Init                     
00000485  GPIO_Write                    
000004ff  GPIO_Read                     
00000585  GPIO_SetAlternFuntion         
0000060d  GPIO_SetInterruptEvent        
00000867  GPIO_ClrInterruptFlag         
000008b9  GPIO_GetInterruptStatus       
0000096d  UART_Init                     
00000afb  UART_SendByte                 
00000b43  UART_ReceiveByte              
00000b89  UART_SendString               
00000be1  MinUARTDelay                  
00000c29  UART_ReceiveStatus            
00000c9d  ErrorClear                    
00000cd9  UART_GetInterruptStatus       
00000d71  UART_ClearInterruptStatus     
00000e01  UART_PeripheralProperties     
00000e5d  main                          
00000ee7  delay100ms                    
00000f2b  BlinkLed                      
00000f8d  __aeabi_memcpy                
00000f8d  __aeabi_memcpy4               
00000f8d  __aeabi_memcpy8               
00000f8d  memcpy                        
00001029  __TI_decompress_lzss          
00001091  __TI_auto_init_nobinit_nopinit
000010d5  _c_int00_noargs               
0000110d  __TI_decompress_none          
0000111b  ResetISR                      
00001127  _system_pre_init              
0000112b  C$$EXIT                       
0000112b  abort                         
00001130  GPIO_ConfigParam              
000011c8  UART_CfgParam                 
00001200  __TI_Handler_Table_Base       
00001208  __TI_Handler_Table_Limit      
00001210  __TI_CINIT_Base               
00001218  __TI_CINIT_Limit              
20000000  __stack                       
20000200  __STACK_END                   
20000200  __STACK_TOP                   
ffffffff  __TI_pprof_out_hndl           
ffffffff  __TI_prof_data_size           
ffffffff  __TI_prof_data_start          
ffffffff  __binit__                     
ffffffff  __c_args__                    
ffffffff  binit                         
UNDEFED   __mpu_init                    
UNDEFED   _system_post_cinit            

[52 symbols]
