******************************************************************************
                  TI ARM Linker PC v18.1.4                     
******************************************************************************
>> Linked Tue Feb 26 16:36:29 2019

OUTPUT FILE NAME:   <button_Manager.out>
ENTRY POINT SYMBOL: "_c_int00_noargs"  address: 00002211


MEMORY CONFIGURATION

         name            origin    length      used     unused   attr    fill
----------------------  --------  ---------  --------  --------  ----  --------
  FLASH                 00000000   00040000  000023c8  0003dc38  R  X
  SRAM                  20000000   00008000  00000281  00007d7f  RW X


SEGMENT ALLOCATION MAP

run origin  load origin   length   init length attrs members
----------  ----------- ---------- ----------- ----- -------
00000000    00000000    000023c8   000023c8    r-x
  00000000    00000000    0000026c   0000026c    r-- .intvecs
  0000026c    0000026c    00002030   00002030    r-x .text
  0000229c    0000229c    000000ec   000000ec    r-- .const
  00002388    00002388    00000040   00000040    r-- .cinit
20000000    20000000    00000284   00000000    rw-
  20000000    20000000    00000200   00000000    rw- .stack
  20000200    20000200    00000055   00000000    rw- .data
  20000258    20000258    0000002c   00000000    rw- .bss


SECTION ALLOCATION MAP

 output                                  attributes/
section   page    origin      length       input sections
--------  ----  ----------  ----------   ----------------
.intvecs   0    00000000    0000026c     
                  00000000    0000026c     tm4c123gh6pm_startup_ccs.obj (.intvecs)

.text      0    0000026c    00002030     
                  0000026c    00000cb4     ADC.obj (.text)
                  00000f20    00000784     button.obj (.text)
                  000016a4    00000700     GPIO.obj (.text)
                  00001da4    000000fc     rtsv7M4_T_le_v4SPD16_eabi.lib : fd_mul_t2.asm.obj (.text)
                  00001ea0    000000a2     main.obj (.text)
                  00001f42    0000009c     rtsv7M4_T_le_v4SPD16_eabi.lib : memcpy_t2.asm.obj (.text)
                  00001fde    00000086                                   : fd_cmp_t2.asm.obj (.text:__aeabi_cdcmple)
                  00002064    00000086                                   : fd_cmp_t2.asm.obj (.text:__aeabi_cdrcmple)
                  000020ea    0000007a                                   : memset_t2.asm.obj (.text)
                  00002164    00000068                                   : copy_decompress_lzss.c.obj (.text:decompress:lzss:__TI_decompress_lzss)
                  000021cc    00000044                                   : autoinit.c.obj (.text:__TI_auto_init_nobinit_nopinit:__TI_auto_init_nobinit_nopinit)
                  00002210    00000038                                   : boot_cortex_m.c.obj (.text:_c_int00_noargs:_c_int00_noargs)
                  00002248    00000020                                   : u_tofd_t2.asm.obj (.text)
                  00002268    00000012                                   : copy_zero_init.c.obj (.text:decompress:ZI:__TI_zero_init_nomemset:__TI_zero_init_nomemset)
                  0000227a    0000000e                                   : copy_decompress_none.c.obj (.text:decompress:none:__TI_decompress_none)
                  00002288    0000000c     tm4c123gh6pm_startup_ccs.obj (.text)
                  00002294    00000004     rtsv7M4_T_le_v4SPD16_eabi.lib : pre_init.c.obj (.text:_system_pre_init)
                  00002298    00000004                                   : exit.c.obj (.text:abort:abort)

.const     0    0000229c    000000ec     
                  0000229c    00000078     GPIO_Cfg.obj (.const:GPIO_ConfigParam)
                  00002314    00000020     ADC.obj (.const:Adc_SSIRQ)
                  00002334    00000018     GPIO.obj (.const:PortsBaseAddressLut)
                  0000234c    00000010     ADC.obj (.const:Adc_SsCtlOffset)
                  0000235c    00000010     ADC.obj (.const:Adc_SsFIFO)
                  0000236c    00000010     ADC.obj (.const:Adc_SsMuxOffset)
                  0000237c    00000008     ADC.obj (.const:Adc_ModuleBaseAddressLut)
                  00002384    00000004     button_cfg.obj (.const:buttonConfigParam)

.cinit     0    00002388    00000040     
                  00002388    0000001a     (.cinit..data.load) [load image, compression = lzss]
                  000023a2    00000002     --HOLE-- [fill = 0]
                  000023a4    0000000c     (__TI_handler_table)
                  000023b0    00000008     (.cinit..bss.load) [load image, compression = zero_init]
                  000023b8    00000010     (__TI_cinit_table)

.init_array 
*          0    00000000    00000000     UNINITIALIZED

.data      0    20000200    00000055     UNINITIALIZED
                  20000200    00000020     ADC.obj (.data:CbkFn_array)
                  20000220    00000018     ADC_Confg.obj (.data:Adc_GroupParameters)
                  20000238    00000008     ADC.obj (.data:GroupToHandler)
                  20000240    00000008     ADC.obj (.data:ResultBufferInit)
                  20000248    00000006     GPIO.obj (.data:GPIO_GroupState)
                  2000024e    00000002     button.obj (.data:ADC_array)
                  20000250    00000001     ADC.obj (.data)
                  20000251    00000001     button.obj (.data:countArray)
                  20000252    00000001     button.obj (.data:flag)
                  20000253    00000001     button.obj (.data:lastStatusArray)
                  20000254    00000001     button.obj (.data:secondCountArray)

.bss       0    20000258    0000002c     UNINITIALIZED
                  20000258    00000020     ADC.obj (.bss:DataBufferPtrAddr)
                  20000278    0000000c     (.common:dataArray)

.stack     0    20000000    00000200     UNINITIALIZED
                  20000000    00000004     rtsv7M4_T_le_v4SPD16_eabi.lib : boot_cortex_m.c.obj (.stack)
                  20000004    000001fc     --HOLE--

MODULE SUMMARY

       Module                         code   ro data   rw data
       ------                         ----   -------   -------
    .\
       ADC.obj                        3252   88        81     
       button.obj                     1924   0         18     
       GPIO.obj                       1792   24        6      
       tm4c123gh6pm_startup_ccs.obj   12     620       0      
       main.obj                       162    0         0      
       GPIO_Cfg.obj                   0      120       0      
       ADC_Confg.obj                  0      0         24     
       button_cfg.obj                 0      4         0      
    +--+------------------------------+------+---------+---------+
       Total:                         7142   856       129    
                                                              
    D:\ti\ccsv8\tools\compiler\ti-cgt-arm_18.1.4.LTS\lib\rtsv7M4_T_le_v4SPD16_eabi.lib
       fd_cmp_t2.asm.obj              268    0         0      
       fd_mul_t2.asm.obj              252    0         0      
       memcpy_t2.asm.obj              156    0         0      
       memset_t2.asm.obj              122    0         0      
       copy_decompress_lzss.c.obj     104    0         0      
       autoinit.c.obj                 68     0         0      
       boot_cortex_m.c.obj            56     0         0      
       u_tofd_t2.asm.obj              32     0         0      
       copy_zero_init.c.obj           18     0         0      
       copy_decompress_none.c.obj     14     0         0      
       exit.c.obj                     4      0         0      
       pre_init.c.obj                 4      0         0      
    +--+------------------------------+------+---------+---------+
       Total:                         1098   0         0      
                                                              
       Stack:                         0      0         512    
       Linker Generated:              0      62        0      
    +--+------------------------------+------+---------+---------+
       Grand Total:                   8240   918       641    


LINKER GENERATED COPY TABLES

__TI_cinit_table @ 000023b8 records: 2, size/record: 8, table size: 16
	.data: load addr=00002388, load size=0000001a bytes, run addr=20000200, run size=00000055 bytes, compression=lzss
	.bss: load addr=000023b0, load size=00000008 bytes, run addr=20000258, run size=0000002c bytes, compression=zero_init


LINKER GENERATED HANDLER TABLE

__TI_handler_table @ 000023a4 records: 3, size/record: 4, table size: 12
	index: 0, handler: __TI_decompress_lzss
	index: 1, handler: __TI_decompress_none
	index: 2, handler: __TI_zero_init


GLOBAL SYMBOLS: SORTED ALPHABETICALLY BY Name 

address   name                          
-------   ----                          
00000a01  ADC0SS0_Handler               
00000a99  ADC0SS1_Handler               
00000b35  ADC0SS2_Handler               
00000bd5  ADC0SS3_Handler               
00000c75  ADC1SS0_Handler               
00000d15  ADC1SS1_Handler               
00000dc5  ADC1SS2_Handler               
00000e65  ADC1SS3_Handler               
0000026d  ADC_Init                      
2000024e  ADC_array                     
00000659  Adc_EnableGroupNotification   
00000421  Adc_GetGroupStatus            
20000220  Adc_GroupParameters           
0000052f  Adc_ReadGroup                 
000003b7  Adc_SetupResultBuffer         
000005cd  Adc_StartGroupConversion      
00002299  C$$EXIT                       
00001c9f  GPIO_ClrInterruptFlag         
0000229c  GPIO_ConfigParam              
00001cf1  GPIO_GetInterruptStatus       
000016a5  GPIO_Init                     
00001937  GPIO_Read                     
000019bd  GPIO_SetAlternFuntion         
00001a45  GPIO_SetInterruptEvent        
000018bd  GPIO_Write                    
00002289  ResetISR                      
20000200  __STACK_END                   
00000200  __STACK_SIZE                  
20000200  __STACK_TOP                   
000023b8  __TI_CINIT_Base               
000023c8  __TI_CINIT_Limit              
000023a4  __TI_Handler_Table_Base       
000023b0  __TI_Handler_Table_Limit      
000021cd  __TI_auto_init_nobinit_nopinit
00002165  __TI_decompress_lzss          
0000227b  __TI_decompress_none          
ffffffff  __TI_pprof_out_hndl           
ffffffff  __TI_prof_data_size           
ffffffff  __TI_prof_data_start          
00000000  __TI_static_base__            
00002269  __TI_zero_init_nomemset       
00001fdf  __aeabi_cdcmpeq               
00001fdf  __aeabi_cdcmple               
00002065  __aeabi_cdrcmple              
00001da5  __aeabi_dmul                  
000020eb  __aeabi_memclr                
000020eb  __aeabi_memclr4               
000020eb  __aeabi_memclr8               
00001f43  __aeabi_memcpy                
00001f43  __aeabi_memcpy4               
00001f43  __aeabi_memcpy8               
000020ed  __aeabi_memset                
000020ed  __aeabi_memset4               
000020ed  __aeabi_memset8               
00002249  __aeabi_ui2d                  
ffffffff  __binit__                     
ffffffff  __c_args__                    
UNDEFED   __mpu_init                    
20000000  __stack                       
00002211  _c_int00_noargs               
UNDEFED   _system_post_cinit            
00002295  _system_pre_init              
00002299  abort                         
ffffffff  binit                         
00002384  buttonConfigParam             
00000f21  buttonInitialization          
00000fdf  buttonStartADC_conversion     
20000251  countArray                    
20000278  dataArray                     
20000252  flag                          
00000000  g_pfnVectors                  
20000253  lastStatusArray               
00001ea1  main                          
0000100f  mainButtonRequest             
00001f43  memcpy                        
000020f3  memset                        
00001261  returnButtonState             
20000254  secondCountArray              


GLOBAL SYMBOLS: SORTED BY Symbol Address 

address   name                          
-------   ----                          
00000000  __TI_static_base__            
00000000  g_pfnVectors                  
00000200  __STACK_SIZE                  
0000026d  ADC_Init                      
000003b7  Adc_SetupResultBuffer         
00000421  Adc_GetGroupStatus            
0000052f  Adc_ReadGroup                 
000005cd  Adc_StartGroupConversion      
00000659  Adc_EnableGroupNotification   
00000a01  ADC0SS0_Handler               
00000a99  ADC0SS1_Handler               
00000b35  ADC0SS2_Handler               
00000bd5  ADC0SS3_Handler               
00000c75  ADC1SS0_Handler               
00000d15  ADC1SS1_Handler               
00000dc5  ADC1SS2_Handler               
00000e65  ADC1SS3_Handler               
00000f21  buttonInitialization          
00000fdf  buttonStartADC_conversion     
0000100f  mainButtonRequest             
00001261  returnButtonState             
000016a5  GPIO_Init                     
000018bd  GPIO_Write                    
00001937  GPIO_Read                     
000019bd  GPIO_SetAlternFuntion         
00001a45  GPIO_SetInterruptEvent        
00001c9f  GPIO_ClrInterruptFlag         
00001cf1  GPIO_GetInterruptStatus       
00001da5  __aeabi_dmul                  
00001ea1  main                          
00001f43  __aeabi_memcpy                
00001f43  __aeabi_memcpy4               
00001f43  __aeabi_memcpy8               
00001f43  memcpy                        
00001fdf  __aeabi_cdcmpeq               
00001fdf  __aeabi_cdcmple               
00002065  __aeabi_cdrcmple              
000020eb  __aeabi_memclr                
000020eb  __aeabi_memclr4               
000020eb  __aeabi_memclr8               
000020ed  __aeabi_memset                
000020ed  __aeabi_memset4               
000020ed  __aeabi_memset8               
000020f3  memset                        
00002165  __TI_decompress_lzss          
000021cd  __TI_auto_init_nobinit_nopinit
00002211  _c_int00_noargs               
00002249  __aeabi_ui2d                  
00002269  __TI_zero_init_nomemset       
0000227b  __TI_decompress_none          
00002289  ResetISR                      
00002295  _system_pre_init              
00002299  C$$EXIT                       
00002299  abort                         
0000229c  GPIO_ConfigParam              
00002384  buttonConfigParam             
000023a4  __TI_Handler_Table_Base       
000023b0  __TI_Handler_Table_Limit      
000023b8  __TI_CINIT_Base               
000023c8  __TI_CINIT_Limit              
20000000  __stack                       
20000200  __STACK_END                   
20000200  __STACK_TOP                   
20000220  Adc_GroupParameters           
2000024e  ADC_array                     
20000251  countArray                    
20000252  flag                          
20000253  lastStatusArray               
20000254  secondCountArray              
20000278  dataArray                     
ffffffff  __TI_pprof_out_hndl           
ffffffff  __TI_prof_data_size           
ffffffff  __TI_prof_data_start          
ffffffff  __binit__                     
ffffffff  __c_args__                    
ffffffff  binit                         
UNDEFED   __mpu_init                    
UNDEFED   _system_post_cinit            

[78 symbols]
