******************************************************************************
                  TI ARM Linker PC v18.1.2                     
******************************************************************************
>> Linked Sun Sep 30 06:12:34 2018

OUTPUT FILE NAME:   <GPIO_DRVR.out>
ENTRY POINT SYMBOL: "_c_int00_noargs"  address: 00000b9d


MEMORY CONFIGURATION

         name            origin    length      used     unused   attr    fill
----------------------  --------  ---------  --------  --------  ----  --------
  FLASH                 00000000   00040000  00000c9e  0003f362  R  X
  SRAM                  20000000   00008000  00000206  00007dfa  RW X


SEGMENT ALLOCATION MAP

run origin  load origin   length   init length attrs members
----------  ----------- ---------- ----------- ----- -------
00000000    00000000    00000ca0   00000ca0    r-x
  00000000    00000000    0000026c   0000026c    r-- .intvecs
  0000026c    0000026c    0000098a   0000098a    r-x .text
  00000bf8    00000bf8    00000090   00000090    r-- .const
  00000c88    00000c88    00000018   00000018    r-- .cinit
20000000    20000000    00000206   00000000    rw-
  20000000    20000000    00000200   00000000    rw- .stack
  20000200    20000200    00000006   00000000    rw- .data


SECTION ALLOCATION MAP

 output                                  attributes/
section   page    origin      length       input sections
--------  ----  ----------  ----------   ----------------
.intvecs   0    00000000    0000026c     
                  00000000    0000026c     tm4c123gh6pm_startup_ccs.obj (.intvecs)

.text      0    0000026c    0000098a     
                  0000026c    00000700     GPIO.obj (.text)
                  0000096c    000000e8     main.obj (.text)
                  00000a54    0000009c     rtsv7M4_T_le_v4SPD16_eabi.lib : memcpy_t2.asm.obj (.text)
                  00000af0    00000068                                   : copy_decompress_lzss.c.obj (.text:decompress:lzss:__TI_decompress_lzss)
                  00000b58    00000044                                   : autoinit.c.obj (.text:__TI_auto_init_nobinit_nopinit:__TI_auto_init_nobinit_nopinit)
                  00000b9c    00000038                                   : boot_cortex_m.c.obj (.text:_c_int00_noargs:_c_int00_noargs)
                  00000bd4    0000000e                                   : copy_decompress_none.c.obj (.text:decompress:none:__TI_decompress_none)
                  00000be2    0000000c     tm4c123gh6pm_startup_ccs.obj (.text)
                  00000bee    00000004     rtsv7M4_T_le_v4SPD16_eabi.lib : pre_init.c.obj (.text:_system_pre_init)
                  00000bf2    00000004                                   : exit.c.obj (.text:abort:abort)

.const     0    00000bf8    00000090     
                  00000bf8    00000078     GPIO_Cfg.obj (.const:GPIO_ConfigParam)
                  00000c70    00000018     GPIO.obj (.const:PortsBaseAddressLut)

.cinit     0    00000c88    00000018     
                  00000c88    00000008     (__TI_handler_table)
                  00000c90    00000007     (.cinit..data.load) [load image, compression = lzss]
                  00000c97    00000001     --HOLE-- [fill = 0]
                  00000c98    00000008     (__TI_cinit_table)

.init_array 
*          0    00000000    00000000     UNINITIALIZED

.data      0    20000200    00000006     UNINITIALIZED
                  20000200    00000006     GPIO.obj (.data:GPIO_GroupState)

.stack     0    20000000    00000200     UNINITIALIZED
                  20000000    00000004     rtsv7M4_T_le_v4SPD16_eabi.lib : boot_cortex_m.c.obj (.stack)
                  20000004    000001fc     --HOLE--

MODULE SUMMARY

       Module                         code   ro data   rw data
       ------                         ----   -------   -------
    .\
       GPIO.obj                       1792   24        6      
       tm4c123gh6pm_startup_ccs.obj   12     620       0      
       main.obj                       232    0         0      
       GPIO_Cfg.obj                   0      120       0      
    +--+------------------------------+------+---------+---------+
       Total:                         2036   764       6      
                                                              
    C:\ti\ccsv8\tools\compiler\ti-cgt-arm_18.1.2.LTS\lib\rtsv7M4_T_le_v4SPD16_eabi.lib
       memcpy_t2.asm.obj              156    0         0      
       copy_decompress_lzss.c.obj     104    0         0      
       autoinit.c.obj                 68     0         0      
       boot_cortex_m.c.obj            56     0         0      
       copy_decompress_none.c.obj     14     0         0      
       exit.c.obj                     4      0         0      
       pre_init.c.obj                 4      0         0      
    +--+------------------------------+------+---------+---------+
       Total:                         406    0         0      
                                                              
       Stack:                         0      0         512    
       Linker Generated:              0      23        0      
    +--+------------------------------+------+---------+---------+
       Grand Total:                   2442   787       518    


LINKER GENERATED COPY TABLES

__TI_cinit_table @ 00000c98 records: 1, size/record: 8, table size: 8
	.data: load addr=00000c90, load size=00000007 bytes, run addr=20000200, run size=00000006 bytes, compression=lzss


LINKER GENERATED HANDLER TABLE

__TI_handler_table @ 00000c88 records: 2, size/record: 4, table size: 8
	index: 0, handler: __TI_decompress_lzss
	index: 1, handler: __TI_decompress_none


GLOBAL SYMBOLS: SORTED ALPHABETICALLY BY Name 

address   name                          
-------   ----                          
00000a03  BlinkLed                      
00000bf3  C$$EXIT                       
00000867  GPIO_ClrInterruptFlag         
00000bf8  GPIO_ConfigParam              
000008b9  GPIO_GetInterruptStatus       
0000026d  GPIO_Init                     
000004ff  GPIO_Read                     
00000585  GPIO_SetAlternFuntion         
0000060d  GPIO_SetInterruptEvent        
00000485  GPIO_Write                    
00000a3f  ISR_PortF                     
00000be3  ResetISR                      
20000200  __STACK_END                   
00000200  __STACK_SIZE                  
20000200  __STACK_TOP                   
00000c98  __TI_CINIT_Base               
00000ca0  __TI_CINIT_Limit              
00000c88  __TI_Handler_Table_Base       
00000c90  __TI_Handler_Table_Limit      
00000b59  __TI_auto_init_nobinit_nopinit
00000af1  __TI_decompress_lzss          
00000bd5  __TI_decompress_none          
ffffffff  __TI_pprof_out_hndl           
ffffffff  __TI_prof_data_size           
ffffffff  __TI_prof_data_start          
00000000  __TI_static_base__            
00000a55  __aeabi_memcpy                
00000a55  __aeabi_memcpy4               
00000a55  __aeabi_memcpy8               
ffffffff  __binit__                     
ffffffff  __c_args__                    
UNDEFED   __mpu_init                    
20000000  __stack                       
00000b9d  _c_int00_noargs               
UNDEFED   _system_post_cinit            
00000bef  _system_pre_init              
00000bf3  abort                         
ffffffff  binit                         
000009bf  delay100ms                    
00000000  g_pfnVectors                  
0000096d  main                          
00000a55  memcpy                        


GLOBAL SYMBOLS: SORTED BY Symbol Address 

address   name                          
-------   ----                          
00000000  __TI_static_base__            
00000000  g_pfnVectors                  
00000200  __STACK_SIZE                  
0000026d  GPIO_Init                     
00000485  GPIO_Write                    
000004ff  GPIO_Read                     
00000585  GPIO_SetAlternFuntion         
0000060d  GPIO_SetInterruptEvent        
00000867  GPIO_ClrInterruptFlag         
000008b9  GPIO_GetInterruptStatus       
0000096d  main                          
000009bf  delay100ms                    
00000a03  BlinkLed                      
00000a3f  ISR_PortF                     
00000a55  __aeabi_memcpy                
00000a55  __aeabi_memcpy4               
00000a55  __aeabi_memcpy8               
00000a55  memcpy                        
00000af1  __TI_decompress_lzss          
00000b59  __TI_auto_init_nobinit_nopinit
00000b9d  _c_int00_noargs               
00000bd5  __TI_decompress_none          
00000be3  ResetISR                      
00000bef  _system_pre_init              
00000bf3  C$$EXIT                       
00000bf3  abort                         
00000bf8  GPIO_ConfigParam              
00000c88  __TI_Handler_Table_Base       
00000c90  __TI_Handler_Table_Limit      
00000c98  __TI_CINIT_Base               
00000ca0  __TI_CINIT_Limit              
20000000  __stack                       
20000200  __STACK_END                   
20000200  __STACK_TOP                   
ffffffff  __TI_pprof_out_hndl           
ffffffff  __TI_prof_data_size           
ffffffff  __TI_prof_data_start          
ffffffff  __binit__                     
ffffffff  __c_args__                    
ffffffff  binit                         
UNDEFED   __mpu_init                    
UNDEFED   _system_post_cinit            

[42 symbols]
